Component: ARM Compiler 5.06 update 1 (build 61) Tool: armlink [4d35a8]

==============================================================================

Section Cross References

    event_groups.o(i.vEventGroupClearBitsCallback) refers to event_groups.o(i.xEventGroupClearBits) for xEventGroupClearBits
    event_groups.o(i.vEventGroupDelete) refers to tasks.o(i.vTaskSuspendAll) for vTaskSuspendAll
    event_groups.o(i.vEventGroupDelete) refers to port.o(.emb_text) for ulPortSetInterruptMask
    event_groups.o(i.vEventGroupDelete) refers to tasks.o(i.xTaskRemoveFromUnorderedEventList) for xTaskRemoveFromUnorderedEventList
    event_groups.o(i.vEventGroupDelete) refers to heap_4.o(i.vPortFree) for vPortFree
    event_groups.o(i.vEventGroupDelete) refers to tasks.o(i.xTaskResumeAll) for xTaskResumeAll
    event_groups.o(i.vEventGroupSetBitsCallback) refers to event_groups.o(i.xEventGroupSetBits) for xEventGroupSetBits
    event_groups.o(i.xEventGroupClearBits) refers to port.o(.emb_text) for ulPortSetInterruptMask
    event_groups.o(i.xEventGroupClearBits) refers to port.o(i.vPortEnterCritical) for vPortEnterCritical
    event_groups.o(i.xEventGroupClearBits) refers to port.o(i.vPortExitCritical) for vPortExitCritical
    event_groups.o(i.xEventGroupCreate) refers to heap_4.o(i.pvPortMalloc) for pvPortMalloc
    event_groups.o(i.xEventGroupCreate) refers to list.o(i.vListInitialise) for vListInitialise
    event_groups.o(i.xEventGroupGetBitsFromISR) refers to port.o(.emb_text) for ulPortSetInterruptMask
    event_groups.o(i.xEventGroupSetBits) refers to port.o(.emb_text) for ulPortSetInterruptMask
    event_groups.o(i.xEventGroupSetBits) refers to tasks.o(i.vTaskSuspendAll) for vTaskSuspendAll
    event_groups.o(i.xEventGroupSetBits) refers to tasks.o(i.xTaskRemoveFromUnorderedEventList) for xTaskRemoveFromUnorderedEventList
    event_groups.o(i.xEventGroupSetBits) refers to tasks.o(i.xTaskResumeAll) for xTaskResumeAll
    event_groups.o(i.xEventGroupSync) refers to port.o(.emb_text) for ulPortSetInterruptMask
    event_groups.o(i.xEventGroupSync) refers to tasks.o(i.xTaskGetSchedulerState) for xTaskGetSchedulerState
    event_groups.o(i.xEventGroupSync) refers to tasks.o(i.vTaskSuspendAll) for vTaskSuspendAll
    event_groups.o(i.xEventGroupSync) refers to event_groups.o(i.xEventGroupSetBits) for xEventGroupSetBits
    event_groups.o(i.xEventGroupSync) refers to tasks.o(i.vTaskPlaceOnUnorderedEventList) for vTaskPlaceOnUnorderedEventList
    event_groups.o(i.xEventGroupSync) refers to tasks.o(i.xTaskResumeAll) for xTaskResumeAll
    event_groups.o(i.xEventGroupSync) refers to port.o(i.vPortYield) for vPortYield
    event_groups.o(i.xEventGroupSync) refers to tasks.o(i.uxTaskResetEventItemValue) for uxTaskResetEventItemValue
    event_groups.o(i.xEventGroupSync) refers to port.o(i.vPortEnterCritical) for vPortEnterCritical
    event_groups.o(i.xEventGroupSync) refers to port.o(i.vPortExitCritical) for vPortExitCritical
    event_groups.o(i.xEventGroupWaitBits) refers to port.o(.emb_text) for ulPortSetInterruptMask
    event_groups.o(i.xEventGroupWaitBits) refers to tasks.o(i.xTaskGetSchedulerState) for xTaskGetSchedulerState
    event_groups.o(i.xEventGroupWaitBits) refers to tasks.o(i.vTaskSuspendAll) for vTaskSuspendAll
    event_groups.o(i.xEventGroupWaitBits) refers to event_groups.o(i.prvTestWaitCondition) for prvTestWaitCondition
    event_groups.o(i.xEventGroupWaitBits) refers to tasks.o(i.vTaskPlaceOnUnorderedEventList) for vTaskPlaceOnUnorderedEventList
    event_groups.o(i.xEventGroupWaitBits) refers to tasks.o(i.xTaskResumeAll) for xTaskResumeAll
    event_groups.o(i.xEventGroupWaitBits) refers to port.o(i.vPortYield) for vPortYield
    event_groups.o(i.xEventGroupWaitBits) refers to tasks.o(i.uxTaskResetEventItemValue) for uxTaskResetEventItemValue
    event_groups.o(i.xEventGroupWaitBits) refers to port.o(i.vPortEnterCritical) for vPortEnterCritical
    event_groups.o(i.xEventGroupWaitBits) refers to port.o(i.vPortExitCritical) for vPortExitCritical
    tasks.o(i.prvAddCurrentTaskToDelayedList) refers to list.o(i.vListInsert) for vListInsert
    tasks.o(i.prvAddCurrentTaskToDelayedList) refers to tasks.o(.data) for .data
    tasks.o(i.prvCheckTasksWaitingTermination) refers to tasks.o(i.vTaskSuspendAll) for vTaskSuspendAll
    tasks.o(i.prvCheckTasksWaitingTermination) refers to tasks.o(i.xTaskResumeAll) for xTaskResumeAll
    tasks.o(i.prvCheckTasksWaitingTermination) refers to port.o(i.vPortEnterCritical) for vPortEnterCritical
    tasks.o(i.prvCheckTasksWaitingTermination) refers to list.o(i.uxListRemove) for uxListRemove
    tasks.o(i.prvCheckTasksWaitingTermination) refers to port.o(i.vPortExitCritical) for vPortExitCritical
    tasks.o(i.prvCheckTasksWaitingTermination) refers to heap_4.o(i.vPortFree) for vPortFree
    tasks.o(i.prvCheckTasksWaitingTermination) refers to tasks.o(.bss) for .bss
    tasks.o(i.prvCheckTasksWaitingTermination) refers to tasks.o(.data) for .data
[...]
    i.UART_DMARxHalfCplt                     0x08003f7a   Section        0  stm32f1xx_hal_uart.o(i.UART_DMARxHalfCplt)
    UART_DMARxHalfCplt                       0x08003f7b   Thumb Code    10  stm32f1xx_hal_uart.o(i.UART_DMARxHalfCplt)
    i.UART_DMATransmitCplt                   0x08003f84   Section        0  stm32f1xx_hal_uart.o(i.UART_DMATransmitCplt)
    UART_DMATransmitCplt                     0x08003f85   Thumb Code    46  stm32f1xx_hal_uart.o(i.UART_DMATransmitCplt)
    i.UART_DMATxHalfCplt                     0x08003fb2   Section        0  stm32f1xx_hal_uart.o(i.UART_DMATxHalfCplt)
    UART_DMATxHalfCplt                       0x08003fb3   Thumb Code    10  stm32f1xx_hal_uart.o(i.UART_DMATxHalfCplt)
    i.UART_Receive_IT                        0x08003fbc   Section        0  stm32f1xx_hal_uart.o(i.UART_Receive_IT)
    UART_Receive_IT                          0x08003fbd   Thumb Code   168  stm32f1xx_hal_uart.o(i.UART_Receive_IT)
    i.UART_SetConfig                         0x08004064   Section        0  stm32f1xx_hal_uart.o(i.UART_SetConfig)
    UART_SetConfig                           0x08004065   Thumb Code   364  stm32f1xx_hal_uart.o(i.UART_SetConfig)
    i.UART_Transmit_IT                       0x080041d4   Section        0  stm32f1xx_hal_uart.o(i.UART_Transmit_IT)
    UART_Transmit_IT                         0x080041d5   Thumb Code   102  stm32f1xx_hal_uart.o(i.UART_Transmit_IT)
    i.USART1_IRQHandler                      0x0800423c   Section        0  stm32f1xx_it.o(i.USART1_IRQHandler)
    i.USART2_IRQHandler                      0x08004248   Section        0  stm32f1xx_it.o(i.USART2_IRQHandler)
    i.UpdatePID                              0x08004254   Section        0  pid.o(i.UpdatePID)
    i.UsageFault_Handler                     0x08004310   Section        0  stm32f1xx_it.o(i.UsageFault_Handler)
    i.Wake_Commands_Exe                      0x08004314   Section        0  wake_cmd.o(i.Wake_Commands_Exe)
    i.Wake_Init                              0x080043c8   Section        0  wake_exchange.o(i.Wake_Init)
    i.Wake_Tx                                0x080043ec   Section        0  wake_exchange.o(i.Wake_Tx)
    i.Wake_UART_Rx                           0x0800441c   Section        0  wake_exchange.o(i.Wake_UART_Rx)
    i.Wake_UART_Tx                           0x08004508   Section        0  wake_exchange.o(i.Wake_UART_Tx)
    i.__scatterload_copy                     0x080045c8   Section       14  handlers.o(i.__scatterload_copy)
    i.__scatterload_null                     0x080045d6   Section        2  handlers.o(i.__scatterload_null)
    i.__scatterload_zeroinit                 0x080045d8   Section       14  handlers.o(i.__scatterload_zeroinit)
    i.__set_errno                            0x080045e8   Section        0  errno.o(i.__set_errno)
    i.main                                   0x080045f4   Section        0  main.o(i.main)
    i.makeFreeRtosPriority                   0x080047b8   Section        0  cmsis_os.o(i.makeFreeRtosPriority)
    makeFreeRtosPriority                     0x080047b9   Thumb Code    12  cmsis_os.o(i.makeFreeRtosPriority)
    i.malloc                                 0x080047c4   Section        0  malloc.o(i.malloc)
    i.osDelay                                0x08004830   Section        0  cmsis_os.o(i.osDelay)
    i.osGetCPUUsage                          0x08004840   Section        0  cpu_utils.o(i.osGetCPUUsage)
    i.osKernelStart                          0x0800484c   Section        0  cmsis_os.o(i.osKernelStart)
    i.osSystickHandler                       0x08004856   Section        0  cmsis_os.o(i.osSystickHandler)
    i.osThreadCreate                         0x0800486a   Section        0  cmsis_os.o(i.osThreadCreate)
    i.prvAddCurrentTaskToDelayedList         0x080048a4   Section        0  tasks.o(i.prvAddCurrentTaskToDelayedList)
    prvAddCurrentTaskToDelayedList           0x080048a5   Thumb Code    48  tasks.o(i.prvAddCurrentTaskToDelayedList)
    i.prvCheckTasksWaitingTermination        0x080048d8   Section        0  tasks.o(i.prvCheckTasksWaitingTermination)
    prvCheckTasksWaitingTermination          0x080048d9   Thumb Code    76  tasks.o(i.prvCheckTasksWaitingTermination)
    i.prvCopyDataFromQueue                   0x0800492c   Section        0  queue.o(i.prvCopyDataFromQueue)
    prvCopyDataFromQueue                     0x0800492d   Thumb Code    38  queue.o(i.prvCopyDataFromQueue)
    i.prvCopyDataToQueue                     0x08004952   Section        0  queue.o(i.prvCopyDataToQueue)
    prvCopyDataToQueue                       0x08004953   Thumb Code   110  queue.o(i.prvCopyDataToQueue)
    i.prvHeapInit                            0x080049c0   Section        0  heap_4.o(i.prvHeapInit)
    prvHeapInit                              0x080049c1   Thumb Code    66  heap_4.o(i.prvHeapInit)
    i.prvIdleTask                            0x08004a0c   Section        0  tasks.o(i.prvIdleTask)
    prvIdleTask                              0x08004a0d   Thumb Code    24  tasks.o(i.prvIdleTask)
    i.prvInsertBlockIntoFreeList             0x08004a28   Section        0  heap_4.o(i.prvInsertBlockIntoFreeList)
    prvInsertBlockIntoFreeList               0x08004a29   Thumb Code    72  heap_4.o(i.prvInsertBlockIntoFreeList)
    i.prvResetNextTaskUnblockTime            0x08004a74   Section        0  tasks.o(i.prvResetNextTaskUnblockTime)
    prvResetNextTaskUnblockTime              0x08004a75   Thumb Code    26  tasks.o(i.prvResetNextTaskUnblockTime)
    i.prvTaskExitError                       0x08004a94   Section        0  port.o(i.prvTaskExitError)
    prvTaskExitError                         0x08004a95   Thumb Code    20  port.o(i.prvTaskExitError)
    i.prvUnlockQueue                         0x08004aac   Section        0  queue.o(i.prvUnlockQueue)
    prvUnlockQueue                           0x08004aad   Thumb Code   100  queue.o(i.prvUnlockQueue)
    i.pvPortMalloc                           0x08004b10   Section        0  heap_4.o(i.pvPortMalloc)
    i.pvTaskIncrementMutexHeldCount          0x08004bcc   Section        0  tasks.o(i.pvTaskIncrementMutexHeldCount)
    i.pxPortInitialiseStack                  0x08004be4   Section        0  port.o(i.pxPortInitialiseStack)
    i.read_n_reg                             0x08004c04   Section        0  registers.o(i.read_n_reg)
    i.read_reg                               0x08004c58   Section        0  registers.o(i.read_reg)
    i.sqrt                                   0x08004c88   Section        0  sqrt.o(i.sqrt)
    i.uxListRemove                           0x08004cd4   Section        0  list.o(i.uxListRemove)
    i.vApplicationIdleHook                   0x08004cf8   Section        0  cpu_utils.o(i.vApplicationIdleHook)
    i.vApplicationTickHook                   0x08004d10   Section        0  cpu_utils.o(i.vApplicationTickHook)
    i.vListInitialise                        0x08004d48   Section        0  list.o(i.vListInitialise)
    i.vListInitialiseItem                    0x08004d5e   Section        0  list.o(i.vListInitialiseItem)
    i.vListInsert                            0x08004d64   Section        0  list.o(i.vListInsert)
    i.vListInsertEnd                         0x08004d94   Section        0  list.o(i.vListInsertEnd)
    i.vPortEnterCritical                     0x08004dac   Section        0  port.o(i.vPortEnterCritical)
    i.vPortExitCritical                      0x08004de4   Section        0  port.o(i.vPortExitCritical)
    i.vPortFree                              0x08004e08   Section        0  heap_4.o(i.vPortFree)
    i.vPortSetupTimerInterrupt               0x08004e50   Section        0  port.o(i.vPortSetupTimerInterrupt)
    i.vPortValidateInterruptPriority         0x08004e70   Section        0  port.o(i.vPortValidateInterruptPriority)
    i.vPortYield                             0x08004eb0   Section        0  port.o(i.vPortYield)
    i.vTaskDelay                             0x08004ec8   Section        0  tasks.o(i.vTaskDelay)
    i.vTaskMissedYield                       0x08004f18   Section        0  tasks.o(i.vTaskMissedYield)
    i.vTaskPlaceOnEventList                  0x08004f24   Section        0  tasks.o(i.vTaskPlaceOnEventList)
    i.vTaskPriorityInherit                   0x08004f7c   Section        0  tasks.o(i.vTaskPriorityInherit)
    i.vTaskSetTimeOutState                   0x08005000   Section        0  tasks.o(i.vTaskSetTimeOutState)
    i.vTaskStartScheduler                    0x0800501c   Section        0  tasks.o(i.vTaskStartScheduler)
    i.vTaskSuspendAll                        0x08005070   Section        0  tasks.o(i.vTaskSuspendAll)
    i.vTaskSwitchContext                     0x08005080   Section        0  tasks.o(i.vTaskSwitchContext)
    i.write_n_reg                            0x080050dc   Section        0  registers.o(i.write_n_reg)
    i.write_reg                              0x0800512c   Section        0  registers.o(i.write_reg)
    i.xPortStartScheduler                    0x08005160   Section        0  port.o(i.xPortStartScheduler)
    i.xPortSysTickHandler                    0x080051d4   Section        0  port.o(i.xPortSysTickHandler)
    i.xQueueCreateMutex                      0x080051f8   Section        0  queue.o(i.xQueueCreateMutex)
    i.xQueueGenericCreate                    0x08005242   Section        0  queue.o(i.xQueueGenericCreate)
    i.xQueueGenericReceive                   0x08005294   Section        0  queue.o(i.xQueueGenericReceive)
    i.xQueueGenericReset                     0x080053c2   Section        0  queue.o(i.xQueueGenericReset)
    i.xQueueGenericSend                      0x0800542c   Section        0  queue.o(i.xQueueGenericSend)
    i.xQueueGiveFromISR                      0x08005540   Section        0  queue.o(i.xQueueGiveFromISR)
    i.xTaskCheckForTimeOut                   0x080055b8   Section        0  tasks.o(i.xTaskCheckForTimeOut)
    i.xTaskGenericCreate                     0x08005610   Section        0  tasks.o(i.xTaskGenericCreate)
    i.xTaskGetCurrentTaskHandle              0x0800579c   Section        0  tasks.o(i.xTaskGetCurrentTaskHandle)
    i.xTaskGetSchedulerState                 0x080057a8   Section        0  tasks.o(i.xTaskGetSchedulerState)
    i.xTaskGetTickCountFromISR               0x080057c4   Section        0  tasks.o(i.xTaskGetTickCountFromISR)
    i.xTaskIncrementTick                     0x080057d4   Section        0  tasks.o(i.xTaskIncrementTick)
    i.xTaskPriorityDisinherit                0x080058a0   Section        0  tasks.o(i.xTaskPriorityDisinherit)
    i.xTaskRemoveFromEventList               0x08005924   Section        0  tasks.o(i.xTaskRemoveFromEventList)
    i.xTaskResumeAll                         0x08005990   Section        0  tasks.o(i.xTaskResumeAll)
    .constdata                               0x08005a3c   Section        8  wake_cmd.o(.constdata)
    .constdata                               0x08005a44   Section       80  main.o(.constdata)
    .constdata                               0x08005a94   Section       16  system_stm32f1xx.o(.constdata)
    .constdata                               0x08005aa4   Section        8  system_stm32f1xx.o(.constdata)
    .conststring                             0x08005aac   Section       41  main.o(.conststring)
    .data                                    0x20000000   Section       56  tasks.o(.data)
    uxTasksDeleted                           0x20000004   Data           4  tasks.o(.data)
    uxCurrentNumberOfTasks                   0x20000008   Data           4  tasks.o(.data)
    xTickCount                               0x2000000c   Data           4  tasks.o(.data)
    uxTopReadyPriority                       0x20000010   Data           4  tasks.o(.data)
    xSchedulerRunning                        0x20000014   Data           4  tasks.o(.data)
    uxPendedTicks                            0x20000018   Data           4  tasks.o(.data)
    xYieldPending                            0x2000001c   Data           4  tasks.o(.data)
    xNumOfOverflows                          0x20000020   Data           4  tasks.o(.data)
    uxTaskNumber                             0x20000024   Data           4  tasks.o(.data)
    xNextTaskUnblockTime                     0x20000028   Data           4  tasks.o(.data)
    uxSchedulerSuspended                     0x2000002c   Data           4  tasks.o(.data)
    pxDelayedTaskList                        0x20000030   Data           4  tasks.o(.data)
    pxOverflowDelayedTaskList                0x20000034   Data           4  tasks.o(.data)
    .data                                    0x20000038   Section       12  port.o(.data)
    ucMaxSysCallPriority                     0x20000038   Data           1  port.o(.data)
    uxCriticalNesting                        0x2000003c   Data           4  port.o(.data)
    ulMaxPRIGROUPValue                       0x20000040   Data           4  port.o(.data)
    .data                                    0x20000044   Section       24  heap_4.o(.data)
    pxEnd                                    0x20000044   Data           4  heap_4.o(.data)
    xFreeBytesRemaining                      0x20000048   Data           4  heap_4.o(.data)
    xMinimumEverFreeBytesRemaining           0x2000004c   Data           4  heap_4.o(.data)
    xBlockAllocatedBit                       0x20000050   Data           4  heap_4.o(.data)
    xStart                                   0x20000054   Data           8  heap_4.o(.data)
    .data                                    0x2000005c   Section       24  wake_exchange.o(.data)
    .data                                    0x20000074   Section       16  owihighlevelfunctions.o(.data)
    .data                                    0x20000084   Section        4  stm32f1xx_hal.o(.data)
    uwTick                                   0x20000084   Data           4  stm32f1xx_hal.o(.data)
    .data                                    0x20000088   Section      100  main.o(.data)
    .data                                    0x200000ec   Section        4  system_stm32f1xx.o(.data)
    .data                                    0x200000f0   Section       24  cpu_utils.o(.data)
    tick                                     0x20000104   Data           4  cpu_utils.o(.data)
    .data                                    0x20000108   Section        4  mvars.o(.data)
    .data                                    0x2000010c   Section        4  mvars.o(.data)
    .data                                    0x20000110   Section        4  errno.o(.data)
    _errno                                   0x20000110   Data           4  errno.o(.data)
    .bss                                     0x20000114   Section      240  tasks.o(.bss)
    pxReadyTasksLists                        0x20000114   Data         140  tasks.o(.bss)
    xDelayedTaskList1                        0x200001a0   Data          20  tasks.o(.bss)
    xDelayedTaskList2                        0x200001b4   Data          20  tasks.o(.bss)
    xPendingReadyList                        0x200001c8   Data          20  tasks.o(.bss)
    xTasksWaitingTermination                 0x200001dc   Data          20  tasks.o(.bss)
    xSuspendedTaskList                       0x200001f0   Data          20  tasks.o(.bss)
    .bss                                     0x20000204   Section     3584  heap_4.o(.bss)
    ucHeap                                   0x20000204   Data        3584  heap_4.o(.bss)
    .bss                                     0x20001004   Section       64  registers.o(.bss)
    .bss                                     0x20001044   Section       68  wake_exchange.o(.bss)
    .bss                                     0x20001088   Section       60  stm32f1xx_hal_timebase_tim.o(.bss)
    .bss                                     0x200010c8   Section      384  main.o(.bss)
    .bss                                     0x20001248   Section       56  main.o(.bss)
    .bss                                     0x20001280   Section       56  main.o(.bss)
    .bss                                     0x200012b8   Section       56  main.o(.bss)
    HEAP                                     0x200012f0   Section      512  startup_stm32f100xb.o(HEAP)
    STACK                                    0x200014f0   Section     1024  startup_stm32f100xb.o(STACK)

    Global Symbols

    Symbol Name                              Value     Ov Type        Size  Object(Section)

    BuildAttributes$$THM_ISAv4$P$D$K$B$S$PE$A:L22UL41UL21$X:L11$S22US41US21$IEEE1$IW$USESV6$~STKCKD$USESV7$~SHL$OTIME$ROPI$IEEEJ$EBA8$MICROLIB$REQ8$PRES8$EABIv2 0x00000000   Number         0  anon$$obj.o ABSOLUTE
    __ARM_use_no_argv                        0x00000000   Number         0  main.o ABSOLUTE
    __cpp_initialize__aeabi_                  - Undefined Weak Reference
    __cxa_finalize                            - Undefined Weak Reference
    __decompress                              - Undefined Weak Reference
    _clock_init                               - Undefined Weak Reference
    _microlib_exit                            - Undefined Weak Reference
    __Vectors_Size                           0x00000120   Number         0  startup_stm32f100xb.o ABSOLUTE
    __Vectors                                0x08000000   Data           4  startup_stm32f100xb.o(RESET)
    __Vectors_End                            0x08000120   Data           0  startup_stm32f100xb.o(RESET)
    __main                                   0x08000121   Thumb Code     0  entry.o(.ARM.Collect$$$$00000000)
    _main_stk                                0x08000121   Thumb Code     0  entry2.o(.ARM.Collect$$$$00000001)
    _main_scatterload                        0x08000125   Thumb Code     0  entry5.o(.ARM.Collect$$$$00000004)
    __main_after_scatterload                 0x08000129   Thumb Code     0  entry5.o(.ARM.Collect$$$$00000004)
    _main_clock                              0x08000129   Thumb Code     0  entry7b.o(.ARM.Collect$$$$00000008)
    _main_cpp_init                           0x08000129   Thumb Code     0  entry8b.o(.ARM.Collect$$$$0000000A)
    _main_init                               0x08000129   Thumb Code     0  entry9a.o(.ARM.Collect$$$$0000000B)
    __rt_final_cpp                           0x08000131   Thumb Code     0  entry10a.o(.ARM.Collect$$$$0000000D)
    __rt_final_exit                          0x08000131   Thumb Code     0  entry11a.o(.ARM.Collect$$$$0000000F)
    SVC_Handler                              0x08000135   Thumb Code    32  port.o(.emb_text)
    __asm___6_port_c_39a90d8d__prvStartFirstTask 0x08000159   Thumb Code    28  port.o(.emb_text)
    PendSV_Handler                           0x08000179   Thumb Code    64  port.o(.emb_text)
    ulPortSetInterruptMask                   0x080001bd   Thumb Code    14  port.o(.emb_text)
    vPortClearInterruptMask                  0x080001cb   Thumb Code     6  port.o(.emb_text)
    vPortGetIPSR                             0x080001d1   Thumb Code     6  port.o(.emb_text)
    Reset_Handler                            0x080001d9   Thumb Code     8  startup_stm32f100xb.o(.text)
    CEC_IRQHandler                           0x080001f3   Thumb Code     0  startup_stm32f100xb.o(.text)
    DMA1_Channel2_IRQHandler                 0x080001f3   Thumb Code     0  startup_stm32f100xb.o(.text)
    DMA1_Channel3_IRQHandler                 0x080001f3   Thumb Code     0  startup_stm32f100xb.o(.text)
    DMA1_Channel4_IRQHandler                 0x080001f3   Thumb Code     0  startup_stm32f100xb.o(.text)
    DMA1_Channel5_IRQHandler                 0x080001f3   Thumb Code     0  startup_stm32f100xb.o(.text)
    EXTI0_IRQHandler                         0x080001f3   Thumb Code     0  startup_stm32f100xb.o(.text)
    EXTI1_IRQHandler                         0x080001f3   Thumb Code     0  startup_stm32f100xb.o(.text)
    EXTI2_IRQHandler                         0x080001f3   Thumb Code     0  startup_stm32f100xb.o(.text)
    EXTI3_IRQHandler                         0x080001f3   Thumb Code     0  startup_stm32f100xb.o(.text)
    EXTI4_IRQHandler                         0x080001f3   Thumb Code     0  startup_stm32f100xb.o(.text)
    EXTI9_5_IRQHandler                       0x080001f3   Thumb Code     0  startup_stm32f100xb.o(.text)
    FLASH_IRQHandler                         0x080001f3   Thumb Code     0  startup_stm32f100xb.o(.text)
    I2C1_ER_IRQHandler                       0x080001f3   Thumb Code     0  startup_stm32f100xb.o(.text)
    I2C1_EV_IRQHandler                       0x080001f3   Thumb Code     0  startup_stm32f100xb.o(.text)
    I2C2_ER_IRQHandler                       0x080001f3   Thumb Code     0  startup_stm32f100xb.o(.text)
    I2C2_EV_IRQHandler                       0x080001f3   Thumb Code     0  startup_stm32f100xb.o(.text)
    PVD_IRQHandler                           0x080001f3   Thumb Code     0  startup_stm32f100xb.o(.text)
    RCC_IRQHandler                           0x080001f3   Thumb Code     0  startup_stm32f100xb.o(.text)
    RTC_Alarm_IRQHandler                     0x080001f3   Thumb Code     0  startup_stm32f100xb.o(.text)
    RTC_IRQHandler                           0x080001f3   Thumb Code     0  startup_stm32f100xb.o(.text)
    SPI1_IRQHandler                          0x080001f3   Thumb Code     0  startup_stm32f100xb.o(.text)
    SPI2_IRQHandler                          0x080001f3   Thumb Code     0  startup_stm32f100xb.o(.text)
    TAMPER_IRQHandler                        0x080001f3   Thumb Code     0  startup_stm32f100xb.o(.text)
    TIM1_BRK_TIM15_IRQHandler                0x080001f3   Thumb Code     0  startup_stm32f100xb.o(.text)
    TIM1_CC_IRQHandler                       0x080001f3   Thumb Code     0  startup_stm32f100xb.o(.text)
    TIM1_TRG_COM_TIM17_IRQHandler            0x080001f3   Thumb Code     0  startup_stm32f100xb.o(.text)
    TIM2_IRQHandler                          0x080001f3   Thumb Code     0  startup_stm32f100xb.o(.text)
    TIM3_IRQHandler                          0x080001f3   Thumb Code     0  startup_stm32f100xb.o(.text)
    TIM4_IRQHandler                          0x080001f3   Thumb Code     0  startup_stm32f100xb.o(.text)
    TIM7_IRQHandler                          0x080001f3   Thumb Code     0  startup_stm32f100xb.o(.text)
    USART3_IRQHandler                        0x080001f3   Thumb Code     0  startup_stm32f100xb.o(.text)
    WWDG_IRQHandler                          0x080001f3   Thumb Code     0  startup_stm32f100xb.o(.text)
    __aeabi_llsr                             0x080001fd   Thumb Code    32  llushr.o(.text)
    _ll_ushift_r                             0x080001fd   Thumb Code     0  llushr.o(.text)
    __aeabi_memcpy                           0x0800021d   Thumb Code    36  memcpya.o(.text)
    __aeabi_memcpy4                          0x0800021d   Thumb Code     0  memcpya.o(.text)
    __aeabi_memcpy8                          0x0800021d   Thumb Code     0  memcpya.o(.text)
    __aeabi_memset                           0x08000241   Thumb Code    14  memseta.o(.text)
    __aeabi_memset4                          0x08000241   Thumb Code     0  memseta.o(.text)
    __aeabi_memset8                          0x08000241   Thumb Code     0  memseta.o(.text)
    __aeabi_memclr                           0x0800024f   Thumb Code     4  memseta.o(.text)
    __aeabi_memclr4                          0x0800024f   Thumb Code     0  memseta.o(.text)
    __aeabi_memclr8                          0x0800024f   Thumb Code     0  memseta.o(.text)
    _memset$wrapper                          0x08000253   Thumb Code    18  memseta.o(.text)
    __aeabi_fadd                             0x08000265   Thumb Code   164  fadd.o(.text)
    __aeabi_fsub                             0x08000309   Thumb Code     6  fadd.o(.text)
    __aeabi_frsub                            0x0800030f   Thumb Code     6  fadd.o(.text)
    __aeabi_fmul                             0x08000315   Thumb Code   100  fmul.o(.text)
    __aeabi_fdiv                             0x08000379   Thumb Code   124  fdiv.o(.text)
    __aeabi_dadd                             0x080003f5   Thumb Code   322  dadd.o(.text)
    __aeabi_dsub                             0x08000537   Thumb Code     6  dadd.o(.text)
    __aeabi_drsub                            0x0800053d   Thumb Code     6  dadd.o(.text)
    __aeabi_dmul                             0x08000543   Thumb Code   228  dmul.o(.text)
    __aeabi_ddiv                             0x08000627   Thumb Code   222  ddiv.o(.text)
    __ARM_scalbn                             0x08000705   Thumb Code    46  dscalb.o(.text)
    scalbn                                   0x08000705   Thumb Code     0  dscalb.o(.text)
    __aeabi_ui2f                             0x08000733   Thumb Code    10  ffltui.o(.text)
    __aeabi_i2d                              0x0800073d   Thumb Code    34  dflti.o(.text)
    __aeabi_ui2d                             0x0800075f   Thumb Code    26  dfltui.o(.text)
    __aeabi_f2uiz                            0x08000779   Thumb Code    40  ffixui.o(.text)
    __aeabi_d2iz                             0x080007a1   Thumb Code    62  dfixi.o(.text)
    __aeabi_d2uiz                            0x080007df   Thumb Code    50  dfixui.o(.text)
    __aeabi_f2d                              0x08000811   Thumb Code    38  f2d.o(.text)
    __aeabi_cdcmpeq                          0x08000839   Thumb Code     0  cdcmple.o(.text)
    __aeabi_cdcmple                          0x08000839   Thumb Code    48  cdcmple.o(.text)
    __aeabi_cdrcmple                         0x08000869   Thumb Code    48  cdrcmple.o(.text)
    __aeabi_d2f                              0x08000899   Thumb Code    56  d2f.o(.text)
    __aeabi_llsl                             0x080008d1   Thumb Code    30  llshl.o(.text)
    _ll_shift_l                              0x080008d1   Thumb Code     0  llshl.o(.text)
    __aeabi_lasr                             0x080008ef   Thumb Code    36  llsshr.o(.text)
    _ll_sshift_r                             0x080008ef   Thumb Code     0  llsshr.o(.text)
    __I$use$fp                               0x08000913   Thumb Code     0  iusefp.o(.text)
    _float_round                             0x08000913   Thumb Code    18  fepilogue.o(.text)
    _float_epilogue                          0x08000925   Thumb Code    92  fepilogue.o(.text)
    _double_round                            0x08000981   Thumb Code    30  depilogue.o(.text)
    _double_epilogue                         0x0800099f   Thumb Code   156  depilogue.o(.text)
    _dsqrt                                   0x08000a3b   Thumb Code   162  dsqrt.o(.text)
    __scatterload                            0x08000add   Thumb Code    28  init.o(.text)
    __scatterload_rt2                        0x08000add   Thumb Code     0  init.o(.text)
    ADC1_IRQHandler                          0x08000b01   Thumb Code     6  stm32f1xx_it.o(i.ADC1_IRQHandler)
    ADC_ConversionStop_Disable               0x08000b0d   Thumb Code    76  stm32f1xx_hal_adc.o(i.ADC_ConversionStop_Disable)
    ADC_DMAConvCplt                          0x08000b59   Thumb Code    78  stm32f1xx_hal_adc.o(i.ADC_DMAConvCplt)
    ADC_DMAError                             0x08000ba7   Thumb Code    26  stm32f1xx_hal_adc.o(i.ADC_DMAError)
    ADC_DMAHalfConvCplt                      0x08000bc1   Thumb Code    10  stm32f1xx_hal_adc.o(i.ADC_DMAHalfConvCplt)
    ADC_Enable                               0x08000bcd   Thumb Code   104  stm32f1xx_hal_adc.o(i.ADC_Enable)
    BitCB_Create                             0x08000c3d   Thumb Code    40  util.o(i.BitCB_Create)
    BitCB_GetOnes                            0x08000c65   Thumb Code    68  util.o(i.BitCB_GetOnes)
    BitCB_PlaceTail                          0x08000ca9   Thumb Code    80  util.o(i.BitCB_PlaceTail)
    BusFault_Handler                         0x08000cf9   Thumb Code     2  stm32f1xx_it.o(i.BusFault_Handler)
    CB_Create                                0x08000cfb   Thumb Code    34  util.o(i.CB_Create)
    CB_Flush                                 0x08000d1d   Thumb Code    10  util.o(i.CB_Flush)
    CB_GetAVG                                0x08000d27   Thumb Code    48  util.o(i.CB_GetAVG)
    CB_GetRMS                                0x08000d57   Thumb Code    62  util.o(i.CB_GetRMS)
    CB_PlaceTail                             0x08000d95   Thumb Code    60  util.o(i.CB_PlaceTail)
    CountOnes                                0x08000dd1   Thumb Code    34  util.o(i.CountOnes)
    DMA1_Channel1_IRQHandler                 0x08000df5   Thumb Code     6  stm32f1xx_it.o(i.DMA1_Channel1_IRQHandler)
    DMA1_Channel6_IRQHandler                 0x08000e01   Thumb Code     6  stm32f1xx_it.o(i.DMA1_Channel6_IRQHandler)
    DMA1_Channel7_IRQHandler                 0x08000e0d   Thumb Code     6  stm32f1xx_it.o(i.DMA1_Channel7_IRQHandler)
    DebugMon_Handler                         0x08000e37   Thumb Code     2  stm32f1xx_it.o(i.DebugMon_Handler)
    Do_Crc8                                  0x08000e39   Thumb Code    38  wake_exchange.o(i.Do_Crc8)
    EXTI15_10_IRQHandler                     0x08000e5f   Thumb Code     8  stm32f1xx_it.o(i.EXTI15_10_IRQHandler)
    EndIdleMonitor                           0x08000e69   Thumb Code    32  cpu_utils.o(i.EndIdleMonitor)
    Error_Handler                            0x08000e8d   Thumb Code    46  main.o(i.Error_Handler)
    GetTemperatureSkipRom                    0x08000ec1   Thumb Code   134  owihighlevelfunctions.o(i.GetTemperatureSkipRom)
    HAL_ADCEx_Calibration_Start              0x08000f49   Thumb Code   194  stm32f1xx_hal_adc_ex.o(i.HAL_ADCEx_Calibration_Start)
    HAL_ADCEx_InjectedConvCpltCallback       0x08001011   Thumb Code     2  stm32f1xx_hal_adc_ex.o(i.HAL_ADCEx_InjectedConvCpltCallback)
    HAL_ADC_ConfigChannel                    0x08001015   Thumb Code   346  stm32f1xx_hal_adc.o(i.HAL_ADC_ConfigChannel)
    HAL_ADC_ConvCpltCallback                 0x0800117d   Thumb Code   276  main.o(i.HAL_ADC_ConvCpltCallback)
    HAL_ADC_ConvHalfCpltCallback             0x080012ad   Thumb Code     2  stm32f1xx_hal_adc.o(i.HAL_ADC_ConvHalfCpltCallback)
    HAL_ADC_ErrorCallback                    0x080012af   Thumb Code     2  stm32f1xx_hal_adc.o(i.HAL_ADC_ErrorCallback)
    HAL_ADC_IRQHandler                       0x080012b1   Thumb Code   230  stm32f1xx_hal_adc.o(i.HAL_ADC_IRQHandler)
    HAL_ADC_Init                             0x08001399   Thumb Code   300  stm32f1xx_hal_adc.o(i.HAL_ADC_Init)
    HAL_ADC_LevelOutOfWindowCallback         0x080014cd   Thumb Code     2  stm32f1xx_hal_adc.o(i.HAL_ADC_LevelOutOfWindowCallback)
    HAL_ADC_MspInit                          0x080014d1   Thumb Code   110  stm32f1xx_hal_msp.o(i.HAL_ADC_MspInit)
    HAL_ADC_Start_DMA                        0x08001555   Thumb Code   194  stm32f1xx_hal_adc.o(i.HAL_ADC_Start_DMA)
    HAL_CRC_Init                             0x08001625   Thumb Code    34  stm32f1xx_hal_crc.o(i.HAL_CRC_Init)
    HAL_CRC_MspInit                          0x08001649   Thumb Code    30  stm32f1xx_hal_msp.o(i.HAL_CRC_MspInit)
    HAL_DMA_Abort                            0x08001671   Thumb Code    86  stm32f1xx_hal_dma.o(i.HAL_DMA_Abort)
    HAL_DMA_IRQHandler                       0x080016c9   Thumb Code   616  stm32f1xx_hal_dma.o(i.HAL_DMA_IRQHandler)
    HAL_DMA_Init                             0x08001935   Thumb Code    80  stm32f1xx_hal_dma.o(i.HAL_DMA_Init)
    HAL_DMA_Start_IT                         0x08001985   Thumb Code    88  stm32f1xx_hal_dma.o(i.HAL_DMA_Start_IT)
    HAL_Delay                                0x080019dd   Thumb Code    22  stm32f1xx_hal.o(i.HAL_Delay)
    HAL_GPIO_EXTI_Callback                   0x080019f5   Thumb Code   202  main.o(i.HAL_GPIO_EXTI_Callback)
    HAL_GPIO_EXTI_IRQHandler                 0x08001ad1   Thumb Code    18  stm32f1xx_hal_gpio.o(i.HAL_GPIO_EXTI_IRQHandler)
    HAL_GPIO_Init                            0x08001ae9   Thumb Code   408  stm32f1xx_hal_gpio.o(i.HAL_GPIO_Init)
    HAL_GPIO_ReadPin                         0x08001ca5   Thumb Code    10  stm32f1xx_hal_gpio.o(i.HAL_GPIO_ReadPin)
    HAL_GPIO_TogglePin                       0x08001caf   Thumb Code     8  stm32f1xx_hal_gpio.o(i.HAL_GPIO_TogglePin)
    HAL_GPIO_WritePin                        0x08001cb7   Thumb Code    10  stm32f1xx_hal_gpio.o(i.HAL_GPIO_WritePin)
    HAL_GetTick                              0x08001cc1   Thumb Code     6  stm32f1xx_hal.o(i.HAL_GetTick)
    HAL_I2C_Init                             0x08001ccd   Thumb Code   216  stm32f1xx_hal_i2c.o(i.HAL_I2C_Init)
    HAL_I2C_MspInit                          0x08001dad   Thumb Code    66  stm32f1xx_hal_msp.o(i.HAL_I2C_MspInit)
    HAL_IWDG_Init                            0x08001e01   Thumb Code    90  stm32f1xx_hal_iwdg.o(i.HAL_IWDG_Init)
    HAL_IWDG_MspInit                         0x08001e5b   Thumb Code     2  stm32f1xx_hal_iwdg.o(i.HAL_IWDG_MspInit)
    HAL_IWDG_Refresh                         0x08001e5d   Thumb Code    84  stm32f1xx_hal_iwdg.o(i.HAL_IWDG_Refresh)
    HAL_IWDG_Start                           0x08001eb1   Thumb Code    42  stm32f1xx_hal_iwdg.o(i.HAL_IWDG_Start)
    HAL_IncTick                              0x08001edd   Thumb Code    10  stm32f1xx_hal.o(i.HAL_IncTick)
    HAL_Init                                 0x08001eed   Thumb Code    22  stm32f1xx_hal.o(i.HAL_Init)
    HAL_InitTick                             0x08001f05   Thumb Code    98  stm32f1xx_hal_timebase_tim.o(i.HAL_InitTick)
    HAL_MspInit                              0x08001f79   Thumb Code   118  stm32f1xx_hal_msp.o(i.HAL_MspInit)
    HAL_NVIC_EnableIRQ                       0x08001ff9   Thumb Code    22  stm32f1xx_hal_cortex.o(i.HAL_NVIC_EnableIRQ)
    HAL_NVIC_SetPriority                     0x08002011   Thumb Code    60  stm32f1xx_hal_cortex.o(i.HAL_NVIC_SetPriority)
    HAL_NVIC_SetPriorityGrouping             0x08002051   Thumb Code    26  stm32f1xx_hal_cortex.o(i.HAL_NVIC_SetPriorityGrouping)
    HAL_RCCEx_GetPeriphCLKFreq               0x08002075   Thumb Code    98  stm32f1xx_hal_rcc_ex.o(i.HAL_RCCEx_GetPeriphCLKFreq)
    HAL_RCCEx_PeriphCLKConfig                0x080020e1   Thumb Code   270  stm32f1xx_hal_rcc_ex.o(i.HAL_RCCEx_PeriphCLKConfig)
    HAL_RCC_ClockConfig                      0x080021fd   Thumb Code   290  stm32f1xx_hal_rcc.o(i.HAL_RCC_ClockConfig)
    HAL_RCC_GetClockConfig                   0x0800232d   Thumb Code    48  stm32f1xx_hal_rcc.o(i.HAL_RCC_GetClockConfig)
    HAL_RCC_GetHCLKFreq                      0x08002361   Thumb Code     6  stm32f1xx_hal_rcc.o(i.HAL_RCC_GetHCLKFreq)
    HAL_RCC_GetPCLK1Freq                     0x0800236d   Thumb Code    34  stm32f1xx_hal_rcc.o(i.HAL_RCC_GetPCLK1Freq)
    HAL_RCC_GetPCLK2Freq                     0x0800239d   Thumb Code    34  stm32f1xx_hal_rcc.o(i.HAL_RCC_GetPCLK2Freq)
    HAL_RCC_GetSysClockFreq                  0x080023cd   Thumb Code   108  stm32f1xx_hal_rcc.o(i.HAL_RCC_GetSysClockFreq)
    HAL_RCC_OscConfig                        0x08002469   Thumb Code  1406  stm32f1xx_hal_rcc.o(i.HAL_RCC_OscConfig)
    HAL_SYSTICK_CLKSourceConfig              0x080029e7   Thumb Code    24  stm32f1xx_hal_cortex.o(i.HAL_SYSTICK_CLKSourceConfig)
    HAL_SYSTICK_Config                       0x080029ff   Thumb Code    40  stm32f1xx_hal_cortex.o(i.HAL_SYSTICK_Config)
    HAL_TIMEx_BreakCallback                  0x08002a27   Thumb Code     2  stm32f1xx_hal_tim_ex.o(i.HAL_TIMEx_BreakCallback)
    HAL_TIMEx_CommutationCallback            0x08002a29   Thumb Code     2  stm32f1xx_hal_tim_ex.o(i.HAL_TIMEx_CommutationCallback)
    HAL_TIMEx_MasterConfigSynchronization    0x08002a2b   Thumb Code    80  stm32f1xx_hal_tim_ex.o(i.HAL_TIMEx_MasterConfigSynchronization)
    HAL_TIM_Base_Init                        0x08002a7b   Thumb Code    54  stm32f1xx_hal_tim.o(i.HAL_TIM_Base_Init)
    HAL_TIM_Base_MspInit                     0x08002ab1   Thumb Code    50  stm32f1xx_hal_msp.o(i.HAL_TIM_Base_MspInit)
    HAL_TIM_Base_Start_IT                    0x08002aed   Thumb Code    24  stm32f1xx_hal_tim.o(i.HAL_TIM_Base_Start_IT)
    HAL_TIM_Base_Stop                        0x08002b05   Thumb Code    44  stm32f1xx_hal_tim.o(i.HAL_TIM_Base_Stop)
    HAL_TIM_IC_CaptureCallback               0x08002b31   Thumb Code     2  stm32f1xx_hal_tim.o(i.HAL_TIM_IC_CaptureCallback)
    HAL_TIM_IRQHandler                       0x08002b33   Thumb Code   358  stm32f1xx_hal_tim.o(i.HAL_TIM_IRQHandler)
    HAL_TIM_OC_DelayElapsedCallback          0x08002c99   Thumb Code     2  stm32f1xx_hal_tim.o(i.HAL_TIM_OC_DelayElapsedCallback)
    HAL_TIM_PWM_PulseFinishedCallback        0x08002c9b   Thumb Code     2  stm32f1xx_hal_tim.o(i.HAL_TIM_PWM_PulseFinishedCallback)
    HAL_TIM_PeriodElapsedCallback            0x08002c9d   Thumb Code    72  main.o(i.HAL_TIM_PeriodElapsedCallback)
    HAL_TIM_TriggerCallback                  0x08002cf9   Thumb Code     2  stm32f1xx_hal_tim.o(i.HAL_TIM_TriggerCallback)
    HAL_UART_DMAStop                         0x08002cfb   Thumb Code    40  stm32f1xx_hal_uart.o(i.HAL_UART_DMAStop)
    HAL_UART_ErrorCallback                   0x08002d25   Thumb Code    24  main.o(i.HAL_UART_ErrorCallback)
    HAL_UART_GetState                        0x08002d41   Thumb Code     6  stm32f1xx_hal_uart.o(i.HAL_UART_GetState)
    HAL_UART_IRQHandler                      0x08002d49   Thumb Code   218  stm32f1xx_hal_uart.o(i.HAL_UART_IRQHandler)
    HAL_UART_Init                            0x08002e23   Thumb Code    94  stm32f1xx_hal_uart.o(i.HAL_UART_Init)
    HAL_UART_MspInit                         0x08002e81   Thumb Code   236  stm32f1xx_hal_msp.o(i.HAL_UART_MspInit)
    HAL_UART_Receive_DMA                     0x08002f89   Thumb Code   122  stm32f1xx_hal_uart.o(i.HAL_UART_Receive_DMA)
    HAL_UART_Receive_IT                      0x08003011   Thumb Code   106  stm32f1xx_hal_uart.o(i.HAL_UART_Receive_IT)
    HAL_UART_RxCpltCallback                  0x0800307d   Thumb Code    30  main.o(i.HAL_UART_RxCpltCallback)
    HAL_UART_RxHalfCpltCallback              0x080030a5   Thumb Code     2  stm32f1xx_hal_uart.o(i.HAL_UART_RxHalfCpltCallback)
    HAL_UART_Transmit_DMA                    0x080030a9   Thumb Code   130  stm32f1xx_hal_uart.o(i.HAL_UART_Transmit_DMA)
    HAL_UART_Transmit_IT                     0x08003139   Thumb Code    86  stm32f1xx_hal_uart.o(i.HAL_UART_Transmit_IT)
    HAL_UART_TxCpltCallback                  0x08003191   Thumb Code    32  main.o(i.HAL_UART_TxCpltCallback)
    HAL_UART_TxHalfCpltCallback              0x080031b9   Thumb Code     2  stm32f1xx_hal_uart.o(i.HAL_UART_TxHalfCpltCallback)
    HardFault_Handler                        0x080031bb   Thumb Code     2  stm32f1xx_it.o(i.HardFault_Handler)
    Init_Registers                           0x080031bd   Thumb Code    48  main.o(i.Init_Registers)
    MemManage_Handler                        0x08003371   Thumb Code     2  stm32f1xx_it.o(i.MemManage_Handler)
    NMI_Handler                              0x08003373   Thumb Code     2  stm32f1xx_it.o(i.NMI_Handler)
    OWI_CheckRomCRC                          0x08003395   Thumb Code    40  owicrc.o(i.OWI_CheckRomCRC)
    OWI_ComputeCRC8                          0x080033bd   Thumb Code    42  owicrc.o(i.OWI_ComputeCRC8)
    OWI_DetectPresence                       0x080033e9   Thumb Code   132  owihighlevelfunctions.o(i.OWI_DetectPresence)
    OWI_ReadBit                              0x08003471   Thumb Code    70  owihighlevelfunctions.o(i.OWI_ReadBit)
    OWI_ReceiveByte                          0x080034b9   Thumb Code    76  owihighlevelfunctions.o(i.OWI_ReceiveByte)
    OWI_SearchDevices                        0x08003509   Thumb Code   146  owihighlevelfunctions.o(i.OWI_SearchDevices)
    OWI_SearchRom                            0x0800359b   Thumb Code   136  owihighlevelfunctions.o(i.OWI_SearchRom)
    OWI_SendByte                             0x08003625   Thumb Code    68  owihighlevelfunctions.o(i.OWI_SendByte)
    OWI_SkipRom                              0x0800366d   Thumb Code     8  owihighlevelfunctions.o(i.OWI_SkipRom)
    OWI_WriteBit0                            0x08003675   Thumb Code    54  owihighlevelfunctions.o(i.OWI_WriteBit0)
    OWI_WriteBit1                            0x080036ab   Thumb Code    54  owihighlevelfunctions.o(i.OWI_WriteBit1)
    OW_Init                                  0x080036e1   Thumb Code    36  owihighlevelfunctions.o(i.OW_Init)
    OW_toBits                                0x08003709   Thumb Code    32  owihighlevelfunctions.o(i.OW_toBits)
    OW_toByte                                0x08003729   Thumb Code    30  owihighlevelfunctions.o(i.OW_toByte)
    ResetiStatePID                           0x08003747   Thumb Code     8  pid.o(i.ResetiStatePID)
    SetKdPID                                 0x0800374f   Thumb Code     6  pid.o(i.SetKdPID)
    SetKiPID                                 0x08003755   Thumb Code    42  pid.o(i.SetKiPID)
    SetKpPID                                 0x0800377f   Thumb Code     6  pid.o(i.SetKpPID)
    SetOutLimPID                             0x08003785   Thumb Code    16  pid.o(i.SetOutLimPID)
    StartAllConvert_T                        0x08003795   Thumb Code    26  owihighlevelfunctions.o(i.StartAllConvert_T)
    StartHeaterWorker                        0x080037b1   Thumb Code   568  main.o(i.StartHeaterWorker)
    StartIdleMonitor                         0x08003a11   Thumb Code    22  cpu_utils.o(i.StartIdleMonitor)
    StartMainWorker                          0x08003a2d   Thumb Code   506  main.o(i.StartMainWorker)
    StartRmsCalc                             0x08003c3d   Thumb Code   200  main.o(i.StartRmsCalc)
    StartTempSen                             0x08003d1d   Thumb Code   106  main.o(i.StartTempSen)
    SysTick_Handler                          0x08003d91   Thumb Code     4  stm32f1xx_it.o(i.SysTick_Handler)
    SystemClock_Config                       0x08003d95   Thumb Code   112  main.o(i.SystemClock_Config)
    SystemInit                               0x08003e05   Thumb Code    60  system_stm32f1xx.o(i.SystemInit)
    TIM1_UP_TIM16_IRQHandler                 0x08003e51   Thumb Code     6  stm32f1xx_it.o(i.TIM1_UP_TIM16_IRQHandler)
    TIM6_DAC_IRQHandler                      0x08003e5d   Thumb Code     6  stm32f1xx_it.o(i.TIM6_DAC_IRQHandler)
    TIM_Base_SetConfig                       0x08003e69   Thumb Code   118  stm32f1xx_hal_tim.o(i.TIM_Base_SetConfig)
    Tx_Replay                                0x08003ef9   Thumb Code    28  wake_cmd.o(i.Tx_Replay)
    USART1_IRQHandler                        0x0800423d   Thumb Code     6  stm32f1xx_it.o(i.USART1_IRQHandler)
    USART2_IRQHandler                        0x08004249   Thumb Code     6  stm32f1xx_it.o(i.USART2_IRQHandler)
    UpdatePID                                0x08004255   Thumb Code   188  pid.o(i.UpdatePID)
    UsageFault_Handler                       0x08004311   Thumb Code     2  stm32f1xx_it.o(i.UsageFault_Handler)
    Wake_Commands_Exe                        0x08004315   Thumb Code   160  wake_cmd.o(i.Wake_Commands_Exe)
    Wake_Init                                0x080043c9   Thumb Code    30  wake_exchange.o(i.Wake_Init)
    Wake_Tx                                  0x080043ed   Thumb Code    44  wake_exchange.o(i.Wake_Tx)
    Wake_UART_Rx                             0x0800441d   Thumb Code   228  wake_exchange.o(i.Wake_UART_Rx)
    Wake_UART_Tx                             0x08004509   Thumb Code   182  wake_exchange.o(i.Wake_UART_Tx)
    __scatterload_copy                       0x080045c9   Thumb Code    14  handlers.o(i.__scatterload_copy)
    __scatterload_null                       0x080045d7   Thumb Code     2  handlers.o(i.__scatterload_null)
    __scatterload_zeroinit                   0x080045d9   Thumb Code    14  handlers.o(i.__scatterload_zeroinit)
    __set_errno                              0x080045e9   Thumb Code     6  errno.o(i.__set_errno)
    main                                     0x080045f5   Thumb Code   416  main.o(i.main)
    malloc                                   0x080047c5   Thumb Code    92  malloc.o(i.malloc)
    osDelay                                  0x08004831   Thumb Code    14  cmsis_os.o(i.osDelay)
    osGetCPUUsage                            0x08004841   Thumb Code     8  cpu_utils.o(i.osGetCPUUsage)
    osKernelStart                            0x0800484d   Thumb Code    10  cmsis_os.o(i.osKernelStart)
    osSystickHandler                         0x08004857   Thumb Code    20  cmsis_os.o(i.osSystickHandler)
    osThreadCreate                           0x0800486b   Thumb Code    56  cmsis_os.o(i.osThreadCreate)
    pvPortMalloc                             0x08004b11   Thumb Code   182  heap_4.o(i.pvPortMalloc)
    pvTaskIncrementMutexHeldCount            0x08004bcd   Thumb Code    18  tasks.o(i.pvTaskIncrementMutexHeldCount)
    pxPortInitialiseStack                    0x08004be5   Thumb Code    28  port.o(i.pxPortInitialiseStack)
    read_n_reg                               0x08004c05   Thumb Code    78  registers.o(i.read_n_reg)
    read_reg                                 0x08004c59   Thumb Code    44  registers.o(i.read_reg)
    sqrt                                     0x08004c89   Thumb Code    76  sqrt.o(i.sqrt)
    uxListRemove                             0x08004cd5   Thumb Code    36  list.o(i.uxListRemove)
    vApplicationIdleHook                     0x08004cf9   Thumb Code    18  cpu_utils.o(i.vApplicationIdleHook)
    vApplicationTickHook                     0x08004d11   Thumb Code    50  cpu_utils.o(i.vApplicationTickHook)
    vListInitialise                          0x08004d49   Thumb Code    22  list.o(i.vListInitialise)
    vListInitialiseItem                      0x08004d5f   Thumb Code     6  list.o(i.vListInitialiseItem)
    vListInsert                              0x08004d65   Thumb Code    48  list.o(i.vListInsert)
    vListInsertEnd                           0x08004d95   Thumb Code    24  list.o(i.vListInsertEnd)
    vPortEnterCritical                       0x08004dad   Thumb Code    46  port.o(i.vPortEnterCritical)
    vPortExitCritical                        0x08004de5   Thumb Code    30  port.o(i.vPortExitCritical)
    vPortFree                                0x08004e09   Thumb Code    68  heap_4.o(i.vPortFree)
    vPortSetupTimerInterrupt                 0x08004e51   Thumb Code    26  port.o(i.vPortSetupTimerInterrupt)
    vPortValidateInterruptPriority           0x08004e71   Thumb Code    54  port.o(i.vPortValidateInterruptPriority)
    vPortYield                               0x08004eb1   Thumb Code    18  port.o(i.vPortYield)
    vTaskDelay                               0x08004ec9   Thumb Code    76  tasks.o(i.vTaskDelay)
    vTaskMissedYield                         0x08004f19   Thumb Code     8  tasks.o(i.vTaskMissedYield)
    vTaskPlaceOnEventList                    0x08004f25   Thumb Code    80  tasks.o(i.vTaskPlaceOnEventList)
    vTaskPriorityInherit                     0x08004f7d   Thumb Code   124  tasks.o(i.vTaskPriorityInherit)
    vTaskSetTimeOutState                     0x08005001   Thumb Code    22  tasks.o(i.vTaskSetTimeOutState)
    vTaskStartScheduler                      0x0800501d   Thumb Code    66  tasks.o(i.vTaskStartScheduler)
    vTaskSuspendAll                          0x08005071   Thumb Code    10  tasks.o(i.vTaskSuspendAll)
    vTaskSwitchContext                       0x08005081   Thumb Code    84  tasks.o(i.vTaskSwitchContext)
    write_n_reg                              0x080050dd   Thumb Code    74  registers.o(i.write_n_reg)
    write_reg                                0x0800512d   Thumb Code    46  registers.o(i.write_reg)
    xPortStartScheduler                      0x08005161   Thumb Code   102  port.o(i.xPortStartScheduler)
    xPortSysTickHandler                      0x080051d5   Thumb Code    30  port.o(i.xPortSysTickHandler)
    xQueueCreateMutex                        0x080051f9   Thumb Code    74  queue.o(i.xQueueCreateMutex)
    xQueueGenericCreate                      0x08005243   Thumb Code    80  queue.o(i.xQueueGenericCreate)
    xQueueGenericReceive                     0x08005295   Thumb Code   302  queue.o(i.xQueueGenericReceive)
    xQueueGenericReset                       0x080053c3   Thumb Code   106  queue.o(i.xQueueGenericReset)
    xQueueGenericSend                        0x0800542d   Thumb Code   276  queue.o(i.xQueueGenericSend)
    xQueueGiveFromISR                        0x08005541   Thumb Code   118  queue.o(i.xQueueGiveFromISR)
    xTaskCheckForTimeOut                     0x080055b9   Thumb Code    82  tasks.o(i.xTaskCheckForTimeOut)
    xTaskGenericCreate                       0x08005611   Thumb Code   388  tasks.o(i.xTaskGenericCreate)
    xTaskGetCurrentTaskHandle                0x0800579d   Thumb Code     6  tasks.o(i.xTaskGetCurrentTaskHandle)
    xTaskGetSchedulerState                   0x080057a9   Thumb Code    22  tasks.o(i.xTaskGetSchedulerState)
    xTaskGetTickCountFromISR                 0x080057c5   Thumb Code    12  tasks.o(i.xTaskGetTickCountFromISR)
    xTaskIncrementTick                       0x080057d5   Thumb Code   194  tasks.o(i.xTaskIncrementTick)
    xTaskPriorityDisinherit                  0x080058a1   Thumb Code   124  tasks.o(i.xTaskPriorityDisinherit)
    xTaskRemoveFromEventList                 0x08005925   Thumb Code    98  tasks.o(i.xTaskRemoveFromEventList)
    xTaskResumeAll                           0x08005991   Thumb Code   162  tasks.o(i.xTaskResumeAll)
    Info                                     0x08005a3c   Data           8  wake_cmd.o(.constdata)
    AHBPrescTable                            0x08005a94   Data          16  system_stm32f1xx.o(.constdata)
    APBPrescTable                            0x08005aa4   Data           8  system_stm32f1xx.o(.constdata)
    Region$$Table$$Base                      0x08005ad8   Number         0  anon$$obj.o(Region$$Table)
    Region$$Table$$Limit                     0x08005af8   Number         0  anon$$obj.o(Region$$Table)
    pxCurrentTCB                             0x20000000   Data           4  tasks.o(.data)
    Rx_Sta                                   0x2000005c   Data           1  wake_exchange.o(.data)
    Rx_Pre                                   0x2000005d   Data           1  wake_exchange.o(.data)
    Rx_Add                                   0x2000005e   Data           1  wake_exchange.o(.data)
    Rx_Cmd                                   0x2000005f   Data           1  wake_exchange.o(.data)
    Rx_Nbt                                   0x20000060   Data           1  wake_exchange.o(.data)
    Rx_Crc                                   0x20000061   Data           1  wake_exchange.o(.data)
    Rx_Ptr                                   0x20000062   Data           1  wake_exchange.o(.data)
    Command                                  0x20000063   Data           1  wake_exchange.o(.data)
    Tx_Sta                                   0x20000064   Data           1  wake_exchange.o(.data)
    Tx_Pre                                   0x20000065   Data           1  wake_exchange.o(.data)
    Tx_Add                                   0x20000066   Data           1  wake_exchange.o(.data)
    Tx_Cmd                                   0x20000067   Data           1  wake_exchange.o(.data)
    Tx_Nbt                                   0x20000068   Data           1  wake_exchange.o(.data)
    Tx_Crc                                   0x20000069   Data           1  wake_exchange.o(.data)
    Tx_Ptr                                   0x2000006a   Data           1  wake_exchange.o(.data)
    wake_rx_buf                              0x2000006b   Data           1  wake_exchange.o(.data)
    wake_tx_buf                              0x2000006c   Data           1  wake_exchange.o(.data)
    wake_huart                               0x20000070   Data           4  wake_exchange.o(.data)
    ow_buf_rx                                0x20000074   Data           8  owihighlevelfunctions.o(.data)
    ow_buf_tx                                0x2000007c   Data           8  owihighlevelfunctions.o(.data)
    sens_count                               0x20000088   Data           1  main.o(.data)
    adc_ready                                0x20000089   Data           1  main.o(.data)
    cs_calibrated                            0x2000008a   Data           1  main.o(.data)
    curent_en_flag                           0x2000008b   Data           1  main.o(.data)
    heater2_sp_halpfs                        0x2000008c   Data           1  main.o(.data)
    halpf_count                              0x2000008d   Data           1  main.o(.data)
    halph_wave_counter                       0x2000008e   Data           1  main.o(.data)
    heater_pwr                               0x2000008f   Data           1  main.o(.data)
    cs1_offset                               0x20000090   Data           2  main.o(.data)
    cs2_offset                               0x20000092   Data           2  main.o(.data)
    cpu_temp                                 0x20000094   Data           2  main.o(.data)
    cs2_avg_mv                               0x20000096   Data           2  main.o(.data)
    error                                    0x20000098   Data           2  main.o(.data)
    sp                                       0x2000009a   Data           2  main.o(.data)
    coolant_temp                             0x2000009c   Data           4  main.o(.data)
    heater2Power                             0x200000a0   Data           4  main.o(.data)
    mainWorkerHandle                         0x200000a4   Data           4  main.o(.data)
    heaterWorkerHandle                       0x200000a8   Data           4  main.o(.data)
    tempSenHandle                            0x200000ac   Data           4  main.o(.data)
    rmsCalcHandle                            0x200000b0   Data           4  main.o(.data)
    RW_Reg_Mutex                             0x200000b4   Data           4  main.o(.data)
    rmsCalcSemaphor                          0x200000b8   Data           4  main.o(.data)
    CurentSensor1                            0x200000bc   Data           4  main.o(.data)
    CurentSensor2                            0x200000c0   Data           4  main.o(.data)
    AvgCS1                                   0x200000c4   Data           4  main.o(.data)
    AvgCS2                                   0x200000c8   Data           4  main.o(.data)
    SlideHalpfCounter                        0x200000cc   Data           4  main.o(.data)
    pv                                       0x200000d0   Data           4  main.o(.data)
    err                                      0x200000d4   Data           4  main.o(.data)
    maxPower                                 0x200000d8   Data           4  main.o(.data)
    adc_buf                                  0x200000dc   Data           6  main.o(.data)
    hcrc                                     0x200000e4   Data           8  main.o(.data)
    SystemCoreClock                          0x200000ec   Data           4  system_stm32f1xx.o(.data)
    xIdleHandle                              0x200000f0   Data           4  cpu_utils.o(.data)
    osCPU_Usage                              0x200000f4   Data           4  cpu_utils.o(.data)
    osCPU_IdleStartTime                      0x200000f8   Data           4  cpu_utils.o(.data)
    osCPU_IdleSpentTime                      0x200000fc   Data           4  cpu_utils.o(.data)
    osCPU_TotalIdleTime                      0x20000100   Data           4  cpu_utils.o(.data)
    __microlib_freelist                      0x20000108   Data           4  mvars.o(.data)
    __microlib_freelist_initialised          0x2000010c   Data           4  mvars.o(.data)
    R                                        0x20001004   Data          64  registers.o(.bss)
    Rx_Dat                                   0x20001044   Data          34  wake_exchange.o(.bss)
    Tx_Dat                                   0x20001066   Data          34  wake_exchange.o(.bss)
    htim1                                    0x20001088   Data          60  stm32f1xx_hal_timebase_tim.o(.bss)
    hadc1                                    0x200010c8   Data          48  main.o(.bss)
    hi2c1                                    0x200010f8   Data          60  main.o(.bss)
    hiwdg                                    0x20001134   Data          16  main.o(.bss)
    htim6                                    0x20001144   Data          60  main.o(.bss)
    huart1                                   0x20001180   Data          64  main.o(.bss)
    huart2                                   0x200011c0   Data          64  main.o(.bss)
    pid                                      0x20001200   Data          72  main.o(.bss)
    hdma_adc1                                0x20001248   Data          56  main.o(.bss)
    hdma_usart2_rx                           0x20001280   Data          56  main.o(.bss)
    hdma_usart2_tx                           0x200012b8   Data          56  main.o(.bss)
    __heap_base                              0x200012f0   Data           0  startup_stm32f100xb.o(HEAP)
    __heap_limit                             0x200014f0   Data           0  startup_stm32f100xb.o(HEAP)
    __initial_sp                             0x200018f0   Data           0  startup_stm32f100xb.o(STACK)



==============================================================================

Memory Map of the image

  Image Entry point : 0x08000121

  Load Region LR_IROM1 (Base: 0x08000000, Size: 0x00005c0c, Max: 0x00010000, ABSOLUTE)

    Execution Region ER_IROM1 (Base: 0x08000000, Size: 0x00005af8, Max: 0x00010000, ABSOLUTE)

    Base Addr    Size         Type   Attr      Idx    E Section Name        Object

    0x08000000   0x00000120   Data   RO         4168    RESET               startup_stm32f100xb.o
    0x08000120   0x00000000   Code   RO         4791  * .ARM.Collect$$$$00000000  mc_w.l(entry.o)
    0x08000120   0x00000004   Code   RO         4864    .ARM.Collect$$$$00000001  mc_w.l(entry2.o)
    0x08000124   0x00000004   Code   RO         4867    .ARM.Collect$$$$00000004  mc_w.l(entry5.o)
    0x08000128   0x00000000   Code   RO         4869    .ARM.Collect$$$$00000008  mc_w.l(entry7b.o)
    0x08000128   0x00000000   Code   RO         4871    .ARM.Collect$$$$0000000A  mc_w.l(entry8b.o)
    0x08000128   0x00000008   Code   RO         4872    .ARM.Collect$$$$0000000B  mc_w.l(entry9a.o)
    0x08000130   0x00000000   Code   RO         4874    .ARM.Collect$$$$0000000D  mc_w.l(entry10a.o)
    0x08000130   0x00000000   Code   RO         4876    .ARM.Collect$$$$0000000F  mc_w.l(entry11a.o)
    0x08000130   0x00000004   Code   RO         4865    .ARM.Collect$$$$00002712  mc_w.l(entry2.o)
    0x08000134   0x000000a2   Code   RO          795    .emb_text           port.o
    0x080001d6   0x00000002   PAD
    0x080001d8   0x00000024   Code   RO         4169    .text               startup_stm32f100xb.o
    0x080001fc   0x00000020   Code   RO         4794    .text               mc_w.l(llushr.o)
    0x0800021c   0x00000024   Code   RO         4796    .text               mc_w.l(memcpya.o)
    0x08000240   0x00000024   Code   RO         4798    .text               mc_w.l(memseta.o)
    0x08000264   0x000000b0   Code   RO         4830    .text               mf_w.l(fadd.o)
    0x08000314   0x00000064   Code   RO         4832    .text               mf_w.l(fmul.o)
    0x08000378   0x0000007c   Code   RO         4834    .text               mf_w.l(fdiv.o)
    0x080003f4   0x0000014e   Code   RO         4836    .text               mf_w.l(dadd.o)
    0x08000542   0x000000e4   Code   RO         4838    .text               mf_w.l(dmul.o)
    0x08000626   0x000000de   Code   RO         4840    .text               mf_w.l(ddiv.o)
    0x08000704   0x0000002e   Code   RO         4842    .text               mf_w.l(dscalb.o)
    0x08000732   0x0000000a   Code   RO         4844    .text               mf_w.l(ffltui.o)
    0x0800073c   0x00000022   Code   RO         4846    .text               mf_w.l(dflti.o)
    0x0800075e   0x0000001a   Code   RO         4848    .text               mf_w.l(dfltui.o)
    0x08000778   0x00000028   Code   RO         4850    .text               mf_w.l(ffixui.o)
    0x080007a0   0x0000003e   Code   RO         4852    .text               mf_w.l(dfixi.o)
    0x080007de   0x00000032   Code   RO         4854    .text               mf_w.l(dfixui.o)
    0x08000810   0x00000026   Code   RO         4856    .text               mf_w.l(f2d.o)
    0x08000836   0x00000002   PAD
    0x08000838   0x00000030   Code   RO         4858    .text               mf_w.l(cdcmple.o)
    0x08000868   0x00000030   Code   RO         4860    .text               mf_w.l(cdrcmple.o)
    0x08000898   0x00000038   Code   RO         4862    .text               mf_w.l(d2f.o)
    0x080008d0   0x0000001e   Code   RO         4878    .text               mc_w.l(llshl.o)
    0x080008ee   0x00000024   Code   RO         4880    .text               mc_w.l(llsshr.o)
    0x08000912   0x00000000   Code   RO         4891    .text               mc_w.l(iusefp.o)
    0x08000912   0x0000006e   Code   RO         4892    .text               mf_w.l(fepilogue.o)
    0x08000980   0x000000ba   Code   RO         4894    .text               mf_w.l(depilogue.o)
    0x08000a3a   0x000000a2   Code   RO         4896    .text               mf_w.l(dsqrt.o)
    0x08000adc   0x00000024   Code   RO         4898    .text               mc_w.l(init.o)
    0x08000b00   0x0000000c   Code   RO         4374    i.ADC1_IRQHandler   stm32f1xx_it.o
    0x08000b0c   0x0000004c   Code   RO         3752    i.ADC_ConversionStop_Disable  stm32f1xx_hal_adc.o
    0x08000b58   0x0000004e   Code   RO         3753    i.ADC_DMAConvCplt   stm32f1xx_hal_adc.o
    0x08000ba6   0x0000001a   Code   RO         3754    i.ADC_DMAError      stm32f1xx_hal_adc.o
    0x08000bc0   0x0000000a   Code   RO         3755    i.ADC_DMAHalfConvCplt  stm32f1xx_hal_adc.o
    0x08000bca   0x00000002   PAD
    0x08000bcc   0x00000070   Code   RO         3756    i.ADC_Enable        stm32f1xx_hal_adc.o
    0x08000c3c   0x00000028   Code   RO         4612    i.BitCB_Create      util.o
    0x08000c64   0x00000044   Code   RO         4614    i.BitCB_GetOnes     util.o
    0x08000ca8   0x00000050   Code   RO         4615    i.BitCB_PlaceTail   util.o
    0x08000cf8   0x00000002   Code   RO         4375    i.BusFault_Handler  stm32f1xx_it.o
    0x08000cfa   0x00000022   Code   RO         4616    i.CB_Create         util.o
    0x08000d1c   0x0000000a   Code   RO         4617    i.CB_Flush          util.o
    0x08000d26   0x00000030   Code   RO         4618    i.CB_GetAVG         util.o
    0x08000d56   0x0000003e   Code   RO         4620    i.CB_GetRMS         util.o
    0x08000d94   0x0000003c   Code   RO         4622    i.CB_PlaceTail      util.o
    0x08000dd0   0x00000022   Code   RO         4623    i.CountOnes         util.o
    0x08000df2   0x00000002   PAD
    0x08000df4   0x0000000c   Code   RO         4376    i.DMA1_Channel1_IRQHandler  stm32f1xx_it.o
    0x08000e00   0x0000000c   Code   RO         4377    i.DMA1_Channel6_IRQHandler  stm32f1xx_it.o
    0x08000e0c   0x0000000c   Code   RO         4378    i.DMA1_Channel7_IRQHandler  stm32f1xx_it.o
    0x08000e18   0x0000001e   Code   RO         2674    i.DMA_SetConfig     stm32f1xx_hal_dma.o
    0x08000e36   0x00000002   Code   RO         4379    i.DebugMon_Handler  stm32f1xx_it.o
    0x08000e38   0x00000026   Code   RO         1280    i.Do_Crc8           wake_exchange.o
    0x08000e5e   0x00000008   Code   RO         4380    i.EXTI15_10_IRQHandler  stm32f1xx_it.o
    0x08000e66   0x00000002   PAD
    0x08000e68   0x00000024   Code   RO         4735    i.EndIdleMonitor    cpu_utils.o
    0x08000e8c   0x00000034   Code   RO         4216    i.Error_Handler     main.o
    0x08000ec0   0x00000086   Code   RO         1373    i.GetTemperatureSkipRom  owihighlevelfunctions.o
    0x08000f46   0x00000002   PAD
    0x08000f48   0x000000c8   Code   RO         2311    i.HAL_ADCEx_Calibration_Start  stm32f1xx_hal_adc_ex.o
    0x08001010   0x00000002   Code   RO         2313    i.HAL_ADCEx_InjectedConvCpltCallback  stm32f1xx_hal_adc_ex.o
    0x08001012   0x00000002   PAD
    0x08001014   0x00000168   Code   RO         3758    i.HAL_ADC_ConfigChannel  stm32f1xx_hal_adc.o
    0x0800117c   0x00000130   Code   RO         4217    i.HAL_ADC_ConvCpltCallback  main.o
    0x080012ac   0x00000002   Code   RO         3760    i.HAL_ADC_ConvHalfCpltCallback  stm32f1xx_hal_adc.o
    0x080012ae   0x00000002   Code   RO         3762    i.HAL_ADC_ErrorCallback  stm32f1xx_hal_adc.o
    0x080012b0   0x000000e6   Code   RO         3766    i.HAL_ADC_IRQHandler  stm32f1xx_hal_adc.o
    0x08001396   0x00000002   PAD
    0x08001398   0x00000134   Code   RO         3767    i.HAL_ADC_Init      stm32f1xx_hal_adc.o
    0x080014cc   0x00000002   Code   RO         3768    i.HAL_ADC_LevelOutOfWindowCallback  stm32f1xx_hal_adc.o
    0x080014ce   0x00000002   PAD
    0x080014d0   0x00000084   Code   RO         4493    i.HAL_ADC_MspInit   stm32f1xx_hal_msp.o
    0x08001554   0x000000d0   Code   RO         3774    i.HAL_ADC_Start_DMA  stm32f1xx_hal_adc.o
    0x08001624   0x00000022   Code   RO         2618    i.HAL_CRC_Init      stm32f1xx_hal_crc.o
    0x08001646   0x00000002   PAD
    0x08001648   0x00000028   Code   RO         4495    i.HAL_CRC_MspInit   stm32f1xx_hal_msp.o
    0x08001670   0x00000056   Code   RO         2675    i.HAL_DMA_Abort     stm32f1xx_hal_dma.o
    0x080016c6   0x00000002   PAD
    0x080016c8   0x0000026c   Code   RO         2679    i.HAL_DMA_IRQHandler  stm32f1xx_hal_dma.o
    0x08001934   0x00000050   Code   RO         2680    i.HAL_DMA_Init      stm32f1xx_hal_dma.o
    0x08001984   0x00000058   Code   RO         2683    i.HAL_DMA_Start_IT  stm32f1xx_hal_dma.o
    0x080019dc   0x00000016   Code   RO         1553    i.HAL_Delay         stm32f1xx_hal.o
    0x080019f2   0x00000002   PAD
    0x080019f4   0x000000dc   Code   RO         4218    i.HAL_GPIO_EXTI_Callback  main.o
    0x08001ad0   0x00000018   Code   RO         2502    i.HAL_GPIO_EXTI_IRQHandler  stm32f1xx_hal_gpio.o
    0x08001ae8   0x000001bc   Code   RO         2503    i.HAL_GPIO_Init     stm32f1xx_hal_gpio.o
    0x08001ca4   0x0000000a   Code   RO         2505    i.HAL_GPIO_ReadPin  stm32f1xx_hal_gpio.o
    0x08001cae   0x00000008   Code   RO         2506    i.HAL_GPIO_TogglePin  stm32f1xx_hal_gpio.o
    0x08001cb6   0x0000000a   Code   RO         2507    i.HAL_GPIO_WritePin  stm32f1xx_hal_gpio.o
    0x08001cc0   0x0000000c   Code   RO         1557    i.HAL_GetTick       stm32f1xx_hal.o
    0x08001ccc   0x000000e0   Code   RO         2757    i.HAL_I2C_Init      stm32f1xx_hal_i2c.o
    0x08001dac   0x00000054   Code   RO         4497    i.HAL_I2C_MspInit   stm32f1xx_hal_msp.o
    0x08001e00   0x0000005a   Code   RO         2567    i.HAL_IWDG_Init     stm32f1xx_hal_iwdg.o
    0x08001e5a   0x00000002   Code   RO         2568    i.HAL_IWDG_MspInit  stm32f1xx_hal_iwdg.o
    0x08001e5c   0x00000054   Code   RO         2569    i.HAL_IWDG_Refresh  stm32f1xx_hal_iwdg.o
    0x08001eb0   0x0000002a   Code   RO         2570    i.HAL_IWDG_Start    stm32f1xx_hal_iwdg.o
    0x08001eda   0x00000002   PAD
    0x08001edc   0x00000010   Code   RO         1558    i.HAL_IncTick       stm32f1xx_hal.o
    0x08001eec   0x00000016   Code   RO         1559    i.HAL_Init          stm32f1xx_hal.o
    0x08001f02   0x00000002   PAD
    0x08001f04   0x00000074   Code   RO         4176    i.HAL_InitTick      stm32f1xx_hal_timebase_tim.o
    0x08001f78   0x00000080   Code   RO         4498    i.HAL_MspInit       stm32f1xx_hal_msp.o
    0x08001ff8   0x00000016   Code   RO         2385    i.HAL_NVIC_EnableIRQ  stm32f1xx_hal_cortex.o
    0x0800200e   0x00000002   PAD
    0x08002010   0x00000040   Code   RO         2391    i.HAL_NVIC_SetPriority  stm32f1xx_hal_cortex.o
    0x08002050   0x00000024   Code   RO         2392    i.HAL_NVIC_SetPriorityGrouping  stm32f1xx_hal_cortex.o
    0x08002074   0x0000006c   Code   RO         1511    i.HAL_RCCEx_GetPeriphCLKFreq  stm32f1xx_hal_rcc_ex.o
    0x080020e0   0x0000011c   Code   RO         1512    i.HAL_RCCEx_PeriphCLKConfig  stm32f1xx_hal_rcc_ex.o
    0x080021fc   0x00000130   Code   RO         3194    i.HAL_RCC_ClockConfig  stm32f1xx_hal_rcc.o
    0x0800232c   0x00000034   Code   RO         3198    i.HAL_RCC_GetClockConfig  stm32f1xx_hal_rcc.o
    0x08002360   0x0000000c   Code   RO         3199    i.HAL_RCC_GetHCLKFreq  stm32f1xx_hal_rcc.o
    0x0800236c   0x00000030   Code   RO         3201    i.HAL_RCC_GetPCLK1Freq  stm32f1xx_hal_rcc.o
    0x0800239c   0x00000030   Code   RO         3202    i.HAL_RCC_GetPCLK2Freq  stm32f1xx_hal_rcc.o
    0x080023cc   0x0000009c   Code   RO         3203    i.HAL_RCC_GetSysClockFreq  stm32f1xx_hal_rcc.o
    0x08002468   0x0000057e   Code   RO         3206    i.HAL_RCC_OscConfig  stm32f1xx_hal_rcc.o
    0x080029e6   0x00000018   Code   RO         2394    i.HAL_SYSTICK_CLKSourceConfig  stm32f1xx_hal_cortex.o
    0x080029fe   0x00000028   Code   RO         2396    i.HAL_SYSTICK_Config  stm32f1xx_hal_cortex.o
    0x08002a26   0x00000002   Code   RO         3380    i.HAL_TIMEx_BreakCallback  stm32f1xx_hal_tim_ex.o
    0x08002a28   0x00000002   Code   RO         3381    i.HAL_TIMEx_CommutationCallback  stm32f1xx_hal_tim_ex.o
    0x08002a2a   0x00000050   Code   RO         3397    i.HAL_TIMEx_MasterConfigSynchronization  stm32f1xx_hal_tim_ex.o
    0x08002a7a   0x00000036   Code   RO         1682    i.HAL_TIM_Base_Init  stm32f1xx_hal_tim.o
    0x08002ab0   0x0000003c   Code   RO         4500    i.HAL_TIM_Base_MspInit  stm32f1xx_hal_msp.o
    0x08002aec   0x00000018   Code   RO         1687    i.HAL_TIM_Base_Start_IT  stm32f1xx_hal_tim.o
    0x08002b04   0x0000002c   Code   RO         1688    i.HAL_TIM_Base_Stop  stm32f1xx_hal_tim.o
    0x08002b30   0x00000002   Code   RO         1711    i.HAL_TIM_IC_CaptureCallback  stm32f1xx_hal_tim.o
    0x08002b32   0x00000166   Code   RO         1724    i.HAL_TIM_IRQHandler  stm32f1xx_hal_tim.o
    0x08002c98   0x00000002   Code   RO         1727    i.HAL_TIM_OC_DelayElapsedCallback  stm32f1xx_hal_tim.o
    0x08002c9a   0x00000002   Code   RO         1754    i.HAL_TIM_PWM_PulseFinishedCallback  stm32f1xx_hal_tim.o
    0x08002c9c   0x0000005c   Code   RO         4219    i.HAL_TIM_PeriodElapsedCallback  main.o
    0x08002cf8   0x00000002   Code   RO         1765    i.HAL_TIM_TriggerCallback  stm32f1xx_hal_tim.o
    0x08002cfa   0x00000028   Code   RO         3942    i.HAL_UART_DMAStop  stm32f1xx_hal_uart.o
    0x08002d22   0x00000002   PAD
    0x08002d24   0x0000001c   Code   RO         4220    i.HAL_UART_ErrorCallback  main.o
    0x08002d40   0x00000006   Code   RO         3946    i.HAL_UART_GetState  stm32f1xx_hal_uart.o
    0x08002d46   0x00000002   PAD
    0x08002d48   0x000000da   Code   RO         3947    i.HAL_UART_IRQHandler  stm32f1xx_hal_uart.o
    0x08002e22   0x0000005e   Code   RO         3948    i.HAL_UART_Init     stm32f1xx_hal_uart.o
    0x08002e80   0x00000108   Code   RO         4502    i.HAL_UART_MspInit  stm32f1xx_hal_msp.o
    0x08002f88   0x00000088   Code   RO         3952    i.HAL_UART_Receive_DMA  stm32f1xx_hal_uart.o
    0x08003010   0x0000006a   Code   RO         3953    i.HAL_UART_Receive_IT  stm32f1xx_hal_uart.o
    0x0800307a   0x00000002   PAD
    0x0800307c   0x00000028   Code   RO         4221    i.HAL_UART_RxCpltCallback  main.o
    0x080030a4   0x00000002   Code   RO         3955    i.HAL_UART_RxHalfCpltCallback  stm32f1xx_hal_uart.o
    0x080030a6   0x00000002   PAD
    0x080030a8   0x00000090   Code   RO         3957    i.HAL_UART_Transmit_DMA  stm32f1xx_hal_uart.o
    0x08003138   0x00000056   Code   RO         3958    i.HAL_UART_Transmit_IT  stm32f1xx_hal_uart.o
    0x0800318e   0x00000002   PAD
    0x08003190   0x00000028   Code   RO         4222    i.HAL_UART_TxCpltCallback  main.o
    0x080031b8   0x00000002   Code   RO         3960    i.HAL_UART_TxHalfCpltCallback  stm32f1xx_hal_uart.o
    0x080031ba   0x00000002   Code   RO         4381    i.HardFault_Handler  stm32f1xx_it.o
    0x080031bc   0x00000034   Code   RO         4223    i.Init_Registers    main.o
    0x080031f0   0x00000068   Code   RO         4224    i.MX_ADC1_Init      main.o
    0x08003258   0x000000dc   Code   RO         4225    i.MX_GPIO_Init      main.o
    0x08003334   0x0000003c   Code   RO         4226    i.MX_I2C1_Init      main.o
    0x08003370   0x00000002   Code   RO         4382    i.MemManage_Handler  stm32f1xx_it.o
    0x08003372   0x00000002   Code   RO         4383    i.NMI_Handler       stm32f1xx_it.o
    0x08003374   0x00000020   Code   RO         2398    i.NVIC_SetPriority  stm32f1xx_hal_cortex.o
    0x08003394   0x00000028   Code   RO         1338    i.OWI_CheckRomCRC   owicrc.o
    0x080033bc   0x0000002a   Code   RO         1340    i.OWI_ComputeCRC8   owicrc.o
    0x080033e6   0x00000002   PAD
    0x080033e8   0x00000088   Code   RO         1375    i.OWI_DetectPresence  owihighlevelfunctions.o
    0x08003470   0x00000046   Code   RO         1377    i.OWI_ReadBit       owihighlevelfunctions.o
    0x080034b6   0x00000002   PAD
    0x080034b8   0x00000050   Code   RO         1379    i.OWI_ReceiveByte   owihighlevelfunctions.o
    0x08003508   0x00000092   Code   RO         1380    i.OWI_SearchDevices  owihighlevelfunctions.o
    0x0800359a   0x00000088   Code   RO         1381    i.OWI_SearchRom     owihighlevelfunctions.o
    0x08003622   0x00000002   PAD
    0x08003624   0x00000048   Code   RO         1382    i.OWI_SendByte      owihighlevelfunctions.o
    0x0800366c   0x00000008   Code   RO         1383    i.OWI_SkipRom       owihighlevelfunctions.o
    0x08003674   0x00000036   Code   RO         1384    i.OWI_WriteBit0     owihighlevelfunctions.o
    0x080036aa   0x00000036   Code   RO         1385    i.OWI_WriteBit1     owihighlevelfunctions.o
    0x080036e0   0x00000028   Code   RO         1386    i.OW_Init           owihighlevelfunctions.o
    0x08003708   0x00000020   Code   RO         1387    i.OW_toBits         owihighlevelfunctions.o
    0x08003728   0x0000001e   Code   RO         1388    i.OW_toByte         owihighlevelfunctions.o
    0x08003746   0x00000008   Code   RO         4690    i.ResetiStatePID    pid.o
    0x0800374e   0x00000006   Code   RO         4691    i.SetKdPID          pid.o
    0x08003754   0x0000002a   Code   RO         4692    i.SetKiPID          pid.o
    0x0800377e   0x00000006   Code   RO         4693    i.SetKpPID          pid.o
    0x08003784   0x00000010   Code   RO         4694    i.SetOutLimPID      pid.o
    0x08003794   0x0000001a   Code   RO         1389    i.StartAllConvert_T  owihighlevelfunctions.o
    0x080037ae   0x00000002   PAD
    0x080037b0   0x00000260   Code   RO         4227    i.StartHeaterWorker  main.o
    0x08003a10   0x0000001c   Code   RO         4736    i.StartIdleMonitor  cpu_utils.o
    0x08003a2c   0x00000210   Code   RO         4228    i.StartMainWorker   main.o
    0x08003c3c   0x000000e0   Code   RO         4229    i.StartRmsCalc      main.o
    0x08003d1c   0x00000074   Code   RO         4230    i.StartTempSen      main.o
    0x08003d90   0x00000004   Code   RO         4384    i.SysTick_Handler   stm32f1xx_it.o
    0x08003d94   0x00000070   Code   RO         4231    i.SystemClock_Config  main.o
    0x08003e04   0x0000004c   Code   RO         4578    i.SystemInit        system_stm32f1xx.o
    0x08003e50   0x0000000c   Code   RO         4385    i.TIM1_UP_TIM16_IRQHandler  stm32f1xx_it.o
    0x08003e5c   0x0000000c   Code   RO         4386    i.TIM6_DAC_IRQHandler  stm32f1xx_it.o
    0x08003e68   0x00000090   Code   RO         1766    i.TIM_Base_SetConfig  stm32f1xx_hal_tim.o
    0x08003ef8   0x0000002c   Code   RO         1243    i.Tx_Replay         wake_cmd.o
    0x08003f24   0x0000001e   Code   RO         3961    i.UART_DMAError     stm32f1xx_hal_uart.o
    0x08003f42   0x00000002   PAD
    0x08003f44   0x00000036   Code   RO         3962    i.UART_DMAReceiveCplt  stm32f1xx_hal_uart.o
    0x08003f7a   0x0000000a   Code   RO         3963    i.UART_DMARxHalfCplt  stm32f1xx_hal_uart.o
    0x08003f84   0x0000002e   Code   RO         3964    i.UART_DMATransmitCplt  stm32f1xx_hal_uart.o
    0x08003fb2   0x0000000a   Code   RO         3965    i.UART_DMATxHalfCplt  stm32f1xx_hal_uart.o
    0x08003fbc   0x000000a8   Code   RO         3966    i.UART_Receive_IT   stm32f1xx_hal_uart.o
    0x08004064   0x00000170   Code   RO         3967    i.UART_SetConfig    stm32f1xx_hal_uart.o
    0x080041d4   0x00000066   Code   RO         3968    i.UART_Transmit_IT  stm32f1xx_hal_uart.o
    0x0800423a   0x00000002   PAD
    0x0800423c   0x0000000c   Code   RO         4387    i.USART1_IRQHandler  stm32f1xx_it.o
    0x08004248   0x0000000c   Code   RO         4388    i.USART2_IRQHandler  stm32f1xx_it.o
    0x08004254   0x000000bc   Code   RO         4695    i.UpdatePID         pid.o
    0x08004310   0x00000002   Code   RO         4389    i.UsageFault_Handler  stm32f1xx_it.o
    0x08004312   0x00000002   PAD
    0x08004314   0x000000b4   Code   RO         1244    i.Wake_Commands_Exe  wake_cmd.o
    0x080043c8   0x00000024   Code   RO         1281    i.Wake_Init         wake_exchange.o
    0x080043ec   0x00000030   Code   RO         1282    i.Wake_Tx           wake_exchange.o
    0x0800441c   0x000000ec   Code   RO         1284    i.Wake_UART_Rx      wake_exchange.o
    0x08004508   0x000000c0   Code   RO         1285    i.Wake_UART_Tx      wake_exchange.o
    0x080045c8   0x0000000e   Code   RO         4902    i.__scatterload_copy  mc_w.l(handlers.o)
    0x080045d6   0x00000002   Code   RO         4903    i.__scatterload_null  mc_w.l(handlers.o)
    0x080045d8   0x0000000e   Code   RO         4904    i.__scatterload_zeroinit  mc_w.l(handlers.o)
    0x080045e6   0x00000002   PAD
    0x080045e8   0x0000000c   Code   RO         4886    i.__set_errno       mc_w.l(errno.o)
    0x080045f4   0x000001c4   Code   RO         4232    i.main              main.o
    0x080047b8   0x0000000c   Code   RO          460    i.makeFreeRtosPriority  cmsis_os.o
    0x080047c4   0x0000006c   Code   RO         4803    i.malloc            mc_w.l(malloc.o)
    0x08004830   0x0000000e   Code   RO          461    i.osDelay           cmsis_os.o
    0x0800483e   0x00000002   PAD
    0x08004840   0x0000000c   Code   RO         4737    i.osGetCPUUsage     cpu_utils.o
    0x0800484c   0x0000000a   Code   RO          464    i.osKernelStart     cmsis_os.o
    0x08004856   0x00000014   Code   RO          493    i.osSystickHandler  cmsis_os.o
    0x0800486a   0x00000038   Code   RO          494    i.osThreadCreate    cmsis_os.o
    0x080048a2   0x00000002   PAD
    0x080048a4   0x00000034   Code   RO          165    i.prvAddCurrentTaskToDelayedList  tasks.o
    0x080048d8   0x00000054   Code   RO          166    i.prvCheckTasksWaitingTermination  tasks.o
    0x0800492c   0x00000026   Code   RO          930    i.prvCopyDataFromQueue  queue.o
    0x08004952   0x0000006e   Code   RO          931    i.prvCopyDataToQueue  queue.o
    0x080049c0   0x0000004c   Code   RO          872    i.prvHeapInit       heap_4.o
    0x08004a0c   0x0000001c   Code   RO          167    i.prvIdleTask       tasks.o
    0x08004a28   0x0000004c   Code   RO          873    i.prvInsertBlockIntoFreeList  heap_4.o
    0x08004a74   0x00000020   Code   RO          169    i.prvResetNextTaskUnblockTime  tasks.o
    0x08004a94   0x00000018   Code   RO          796    i.prvTaskExitError  port.o
    0x08004aac   0x00000064   Code   RO          932    i.prvUnlockQueue    queue.o
    0x08004b10   0x000000bc   Code   RO          874    i.pvPortMalloc      heap_4.o
    0x08004bcc   0x00000018   Code   RO          171    i.pvTaskIncrementMutexHeldCount  tasks.o
    0x08004be4   0x00000020   Code   RO          797    i.pxPortInitialiseStack  port.o
    0x08004c04   0x00000054   Code   RO         1083    i.read_n_reg        registers.o
    0x08004c58   0x00000030   Code   RO         1084    i.read_reg          registers.o
    0x08004c88   0x0000004c   Code   RO         4784    i.sqrt              m_ws.l(sqrt.o)
    0x08004cd4   0x00000024   Code   RO          129    i.uxListRemove      list.o
    0x08004cf8   0x00000018   Code   RO         4738    i.vApplicationIdleHook  cpu_utils.o
    0x08004d10   0x00000038   Code   RO         4739    i.vApplicationTickHook  cpu_utils.o
    0x08004d48   0x00000016   Code   RO          130    i.vListInitialise   list.o
    0x08004d5e   0x00000006   Code   RO          131    i.vListInitialiseItem  list.o
    0x08004d64   0x00000030   Code   RO          132    i.vListInsert       list.o
    0x08004d94   0x00000018   Code   RO          133    i.vListInsertEnd    list.o
    0x08004dac   0x00000038   Code   RO          799    i.vPortEnterCritical  port.o
    0x08004de4   0x00000024   Code   RO          800    i.vPortExitCritical  port.o
    0x08004e08   0x00000048   Code   RO          875    i.vPortFree         heap_4.o
    0x08004e50   0x00000020   Code   RO          801    i.vPortSetupTimerInterrupt  port.o
    0x08004e70   0x00000040   Code   RO          802    i.vPortValidateInterruptPriority  port.o
    0x08004eb0   0x00000018   Code   RO          803    i.vPortYield        port.o
    0x08004ec8   0x00000050   Code   RO          179    i.vTaskDelay        tasks.o
    0x08004f18   0x0000000c   Code   RO          183    i.vTaskMissedYield  tasks.o
    0x08004f24   0x00000058   Code   RO          185    i.vTaskPlaceOnEventList  tasks.o
    0x08004f7c   0x00000084   Code   RO          187    i.vTaskPriorityInherit  tasks.o
    0x08005000   0x0000001c   Code   RO          191    i.vTaskSetTimeOutState  tasks.o
    0x0800501c   0x00000054   Code   RO          192    i.vTaskStartScheduler  tasks.o
    0x08005070   0x00000010   Code   RO          194    i.vTaskSuspendAll   tasks.o
    0x08005080   0x0000005c   Code   RO          195    i.vTaskSwitchContext  tasks.o
    0x080050dc   0x00000050   Code   RO         1085    i.write_n_reg       registers.o
    0x0800512c   0x00000034   Code   RO         1086    i.write_reg         registers.o
    0x08005160   0x00000074   Code   RO          804    i.xPortStartScheduler  port.o
    0x080051d4   0x00000024   Code   RO          805    i.xPortSysTickHandler  port.o
    0x080051f8   0x0000004a   Code   RO          943    i.xQueueCreateMutex  queue.o
    0x08005242   0x00000050   Code   RO          944    i.xQueueGenericCreate  queue.o
    0x08005292   0x00000002   PAD
    0x08005294   0x0000012e   Code   RO          945    i.xQueueGenericReceive  queue.o
    0x080053c2   0x0000006a   Code   RO          946    i.xQueueGenericReset  queue.o
    0x0800542c   0x00000114   Code   RO          947    i.xQueueGenericSend  queue.o
    0x08005540   0x00000076   Code   RO          949    i.xQueueGiveFromISR  queue.o
    0x080055b6   0x00000002   PAD
    0x080055b8   0x00000058   Code   RO          196    i.xTaskCheckForTimeOut  tasks.o
    0x08005610   0x0000018c   Code   RO          197    i.xTaskGenericCreate  tasks.o
    0x0800579c   0x0000000c   Code   RO          200    i.xTaskGetCurrentTaskHandle  tasks.o
    0x080057a8   0x0000001c   Code   RO          201    i.xTaskGetSchedulerState  tasks.o
    0x080057c4   0x00000010   Code   RO          203    i.xTaskGetTickCountFromISR  tasks.o
    0x080057d4   0x000000cc   Code   RO          204    i.xTaskIncrementTick  tasks.o
    0x080058a0   0x00000084   Code   RO          207    i.xTaskPriorityDisinherit  tasks.o
    0x08005924   0x0000006c   Code   RO          208    i.xTaskRemoveFromEventList  tasks.o
    0x08005990   0x000000ac   Code   RO          210    i.xTaskResumeAll    tasks.o
    0x08005a3c   0x00000008   Data   RO         1245    .constdata          wake_cmd.o
    0x08005a44   0x00000050   Data   RO         4237    .constdata          main.o
    0x08005a94   0x00000010   Data   RO         4579    .constdata          system_stm32f1xx.o
    0x08005aa4   0x00000008   Data   RO         4580    .constdata          system_stm32f1xx.o
    0x08005aac   0x00000029   Data   RO         4238    .conststring        main.o
    0x08005ad5   0x00000003   PAD
    0x08005ad8   0x00000020   Data   RO         4900    Region$$Table       anon$$obj.o


    Execution Region RW_IRAM1 (Base: 0x20000000, Size: 0x000018f0, Max: 0x00002000, ABSOLUTE)

    Base Addr    Size         Type   Attr      Idx    E Section Name        Object

    0x20000000   0x00000038   Data   RW          213    .data               tasks.o
    0x20000038   0x0000000c   Data   RW          806    .data               port.o
    0x20000044   0x00000018   Data   RW          880    .data               heap_4.o
    0x2000005c   0x00000018   Data   RW         1287    .data               wake_exchange.o
    0x20000074   0x00000010   Data   RW         1390    .data               owihighlevelfunctions.o
    0x20000084   0x00000004   Data   RW         1565    .data               stm32f1xx_hal.o
    0x20000088   0x00000064   Data   RW         4239    .data               main.o
    0x200000ec   0x00000004   Data   RW         4581    .data               system_stm32f1xx.o
    0x200000f0   0x00000018   Data   RW         4740    .data               cpu_utils.o
    0x20000108   0x00000004   Data   RW         4882    .data               mc_w.l(mvars.o)
    0x2000010c   0x00000004   Data   RW         4883    .data               mc_w.l(mvars.o)
    0x20000110   0x00000004   Data   RW         4887    .data               mc_w.l(errno.o)
    0x20000114   0x000000f0   Zero   RW          212    .bss                tasks.o
    0x20000204   0x00000e00   Zero   RW          879    .bss                heap_4.o
    0x20001004   0x00000040   Zero   RW         1087    .bss                registers.o
    0x20001044   0x00000044   Zero   RW         1286    .bss                wake_exchange.o
    0x20001088   0x0000003c   Zero   RW         4179    .bss                stm32f1xx_hal_timebase_tim.o
    0x200010c4   0x00000004   PAD
    0x200010c8   0x00000180   Zero   RW         4233    .bss                main.o
    0x20001248   0x00000038   Zero   RW         4234    .bss                main.o
    0x20001280   0x00000038   Zero   RW         4235    .bss                main.o
    0x200012b8   0x00000038   Zero   RW         4236    .bss                main.o
    0x200012f0   0x00000200   Zero   RW         4167    HEAP                startup_stm32f100xb.o
    0x200014f0   0x00000400   Zero   RW         4166    STACK               startup_stm32f100xb.o


==============================================================================

Image component sizes


      Code (inc. data)   RO Data    RW Data    ZI Data      Debug   Object Name

       112          0          0          0          0      10288   cmsis_os.o
       156         26          0         24          0       3072   cpu_utils.o
         0          0          0          0          0      18692   event_groups.o
       412         24          0         24       3584       4247   heap_4.o
       136          0          0          0          0       3410   list.o
      3252        274        121        100        552      17769   main.o
        82          0          0          0          0       1784   owicrc.o
      1018         16          0         16          0      11855   owihighlevelfunctions.o
       266          0          0          0          0       3349   pid.o
       582         78          0         12          0       8606   port.o
      1204          0          0          0          0      10178   queue.o
       264         22          0          0         64     332398   registers.o
        36          8        288          0       1536        772   startup_stm32f100xb.o
        72         12          0          4          0       3023   stm32f1xx_hal.o
      1414         44          0          0          0       9335   stm32f1xx_hal_adc.o
       202          6          0          0          0       1991   stm32f1xx_hal_adc_ex.o
       218         14          0          0          0      26373   stm32f1xx_hal_cortex.o
        34          0          0          0          0       1035   stm32f1xx_hal_crc.o
       904          4          0          0          0       4363   stm32f1xx_hal_dma.o
       496         42          0          0          0       4867   stm32f1xx_hal_gpio.o
       224          8          0          0          0       2379   stm32f1xx_hal_i2c.o
       218          0          0          0          0       3007   stm32f1xx_hal_iwdg.o
       708         98          0          0          0       4292   stm32f1xx_hal_msp.o
      2026        112          0          0          0       6393   stm32f1xx_hal_rcc.o
       392         24          0          0          0       2181   stm32f1xx_hal_rcc_ex.o
       632         26          0          0          0       6855   stm32f1xx_hal_tim.o
        84          0          0          0          0       2342   stm32f1xx_hal_tim_ex.o
       116         18          0          0         60       1452   stm32f1xx_hal_timebase_tim.o
      1622         32          0          0          0      12893   stm32f1xx_hal_uart.o
       120         48          0          0          0       6902   stm32f1xx_it.o
        76         16         24          4          0       1159   system_stm32f1xx.o
      1908        158          0         56        240      19799   tasks.o
         0          0          0          0          0       3056   timers.o
       436          0          0          0          0       5295   util.o
       224         46          8          0          0       1911   wake_cmd.o
       550         28          0         24         68       4387   wake_exchange.o

    ----------------------------------------------------------------------
     20256       1184        476        264       6108     561710   Object Totals
         0          0         32          0          0          0   (incl. Generated)
        60          0          3          0          4          0   (incl. Padding)

    ----------------------------------------------------------------------

      Code (inc. data)   RO Data    RW Data    ZI Data      Debug   Library Member Name

        76          0          0          0          0         84   sqrt.o
         0          0          0          0          0          0   entry.o
         0          0          0          0          0          0   entry10a.o
         0          0          0          0          0          0   entry11a.o
         8          4          0          0          0          0   entry2.o
         4          0          0          0          0          0   entry5.o
         0          0          0          0          0          0   entry7b.o
         0          0          0          0          0          0   entry8b.o
         8          4          0          0          0          0   entry9a.o
        12          6          0          4          0         68   errno.o
        30          0          0          0          0          0   handlers.o
        36          8          0          0          0         68   init.o
         0          0          0          0          0          0   iusefp.o
        30          0          0          0          0         68   llshl.o
        36          0          0          0          0         68   llsshr.o
        32          0          0          0          0         68   llushr.o
       108         16          0          0          0         84   malloc.o
        36          0          0          0          0         68   memcpya.o
        36          0          0          0          0        108   memseta.o
         0          0          0          8          0          0   mvars.o
        48          0          0          0          0         68   cdcmple.o
        48          0          0          0          0         68   cdrcmple.o
        56          0          0          0          0         88   d2f.o
       334          0          0          0          0        148   dadd.o
       222          0          0          0          0        100   ddiv.o
       186          0          0          0          0        176   depilogue.o
        62          0          0          0          0         80   dfixi.o
        50          0          0          0          0         76   dfixui.o
        34          0          0          0          0         76   dflti.o
        26          0          0          0          0         76   dfltui.o
       228          0          0          0          0         96   dmul.o
        46          0          0          0          0         80   dscalb.o
       162          0          0          0          0        100   dsqrt.o
        38          0          0          0          0         68   f2d.o
       176          0          0          0          0        140   fadd.o
       124          0          0          0          0         88   fdiv.o
       110          0          0          0          0        168   fepilogue.o
        40          0          0          0          0         68   ffixui.o
        10          0          0          0          0         68   ffltui.o
       100          0          0          0          0         76   fmul.o

    ----------------------------------------------------------------------
      2556         38          0         12          0       2592   Library Totals
         4          0          0          0          0          0   (incl. Padding)

    ----------------------------------------------------------------------

      Code (inc. data)   RO Data    RW Data    ZI Data      Debug   Library Name

        76          0          0          0          0         84   m_ws.l
       376         38          0         12          0        600   mc_w.l
      2100          0          0          0          0       1908   mf_w.l

    ----------------------------------------------------------------------
      2556         38          0         12          0       2592   Library Totals

    ----------------------------------------------------------------------

==============================================================================


      Code (inc. data)   RO Data    RW Data    ZI Data      Debug   

     22812       1222        476        276       6108     551766   Grand Totals
     22812       1222        476        276       6108     551766   ELF Image Totals
     22812       1222        476        276          0          0   ROM Totals

==============================================================================

    Total RO  Size (Code + RO Data)                23288 (  22.74kB)
    Total RW  Size (RW Data + ZI Data)              6384 (   6.23kB)
    Total ROM Size (Code + RO Data + RW Data)      23564 (  23.01kB)

==============================================================================

